Archive member included to satisfy reference by file (symbol)

/opt/devkitpro/libnds/lib/libnds9.a(console.o)
                              main.o (consoleDemoInit)
/opt/devkitpro/libnds/lib/libnds9.a(gl2d.o)
                              main.o (glScreen2D)
/opt/devkitpro/libnds/lib/libnds9.a(videoGL.o)
                              /opt/devkitpro/libnds/lib/libnds9.a(gl2d.o) (glMaterialf)
/opt/devkitpro/libnds/lib/libnds9.a(keys.o)
                              main.o (scanKeys)
/opt/devkitpro/libnds/lib/libnds9.a(initSystem.o)
                              /opt/devkitpro/devkitARM/bin/../lib/gcc/arm-none-eabi/13.2.0/../../../../arm-none-eabi/lib/ds_arm9_crt0.o (initSystem)
/opt/devkitpro/libnds/lib/libnds9.a(securearea.o)
                              /opt/devkitpro/devkitARM/bin/../lib/gcc/arm-none-eabi/13.2.0/../../../../arm-none-eabi/lib/ds_arm9_crt0.o (__secure_area__)
/opt/devkitpro/libnds/lib/libnds9.a(interrupts.o)
                              /opt/devkitpro/libnds/lib/libnds9.a(initSystem.o) (irqInit)
/opt/devkitpro/libnds/lib/libnds9.a(libnds_exit.arm.o)
                              /opt/devkitpro/devkitARM/bin/../lib/gcc/arm-none-eabi/13.2.0/../../../../arm-none-eabi/lib/ds_arm9_crt0.o (__libnds_exit)
/opt/devkitpro/libnds/lib/libnds9.a(fifosystem.o)
                              /opt/devkitpro/libnds/lib/libnds9.a(initSystem.o) (fifoSetValue32Handler)
/opt/devkitpro/libnds/lib/libnds9.a(mpu_setup.o)
                              /opt/devkitpro/devkitARM/bin/../lib/gcc/arm-none-eabi/13.2.0/../../../../arm-none-eabi/lib/ds_arm9_crt0.o (__libnds_mpu_setup)
/opt/devkitpro/libnds/lib/libnds9.a(IntrWait.o)
                              main.o (swiWaitForVBlank)
/opt/devkitpro/libnds/lib/libnds9.a(cpu_clock.o)
                              /opt/devkitpro/libnds/lib/libnds9.a(initSystem.o) (setCpuClock)
/opt/devkitpro/libnds/lib/libnds9.a(interruptDispatcher.o)
                              /opt/devkitpro/libnds/lib/libnds9.a(interrupts.o) (IntrMain)
/opt/devkitpro/libnds/lib/libnds9.a(biosCalls.o)
                              /opt/devkitpro/libnds/lib/libnds9.a(videoGL.o) (swiCopy)
/opt/devkitpro/libnds/lib/libnds9.a(debugprint.o)
                              /opt/devkitpro/libnds/lib/libnds9.a(console.o) (nocashWrite)
/opt/devkitpro/libnds/lib/libnds9.a(swiSoftReset.o)
                              /opt/devkitpro/libnds/lib/libnds9.a(fifosystem.o) (swiSoftReset)
/opt/devkitpro/libnds/lib/libnds9.a(default_font.bin.o)
                              /opt/devkitpro/libnds/lib/libnds9.a(console.o) (default_font_bin)
/opt/devkitpro/libnds/lib/libnds9.a(background.o)
                              /opt/devkitpro/libnds/lib/libnds9.a(console.o) (bgState)
/opt/devkitpro/libnds/lib/libnds9.a(dynamicArray.o)
                              /opt/devkitpro/libnds/lib/libnds9.a(videoGL.o) (DynamicArrayInit)
/opt/devkitpro/libnds/lib/libnds9.a(trig.o)
                              /opt/devkitpro/libnds/lib/libnds9.a(gl2d.o) (sinLerp)
/opt/devkitpro/libnds/lib/libnds9.a(video.o)
                              /opt/devkitpro/libnds/lib/libnds9.a(videoGL.o) (vramSetBanks_EFG)
/opt/devkitpro/libnds/lib/libnds9.a(system.o)
                              /opt/devkitpro/libnds/lib/libnds9.a(initSystem.o) (systemValueHandler)
/opt/devkitpro/devkitARM/bin/../lib/gcc/arm-none-eabi/13.2.0/libgcc.a(_divsi3.o)
                              /opt/devkitpro/libnds/lib/libnds9.a(gl2d.o) (__aeabi_idiv)
/opt/devkitpro/devkitARM/bin/../lib/gcc/arm-none-eabi/13.2.0/libgcc.a(_dvmd_tls.o)
                              /opt/devkitpro/devkitARM/bin/../lib/gcc/arm-none-eabi/13.2.0/libgcc.a(_divsi3.o) (__aeabi_idiv0)
/opt/devkitpro/devkitARM/bin/../lib/gcc/arm-none-eabi/13.2.0/libgcc.a(_muldi3.o)
                              /opt/devkitpro/libnds/lib/libnds9.a(gl2d.o) (__aeabi_lmul)
/opt/devkitpro/devkitARM/bin/../lib/gcc/arm-none-eabi/13.2.0/../../../../arm-none-eabi/lib/libg.a(libc_a-printf.o)
                              main.o (printf)
/opt/devkitpro/devkitARM/bin/../lib/gcc/arm-none-eabi/13.2.0/../../../../arm-none-eabi/lib/libg.a(libc_a-bsearch.o)
                              /opt/devkitpro/libnds/lib/libnds9.a(trig.o) (bsearch)
/opt/devkitpro/devkitARM/bin/../lib/gcc/arm-none-eabi/13.2.0/../../../../arm-none-eabi/lib/libg.a(libc_a-siscanf.o)
                              /opt/devkitpro/libnds/lib/libnds9.a(console.o) (siscanf)
/opt/devkitpro/devkitARM/bin/../lib/gcc/arm-none-eabi/13.2.0/../../../../arm-none-eabi/lib/libg.a(libc_a-calloc.o)
                              /opt/devkitpro/libnds/lib/libnds9.a(videoGL.o) (calloc)
/opt/devkitpro/devkitARM/bin/../lib/gcc/arm-none-eabi/13.2.0/../../../../arm-none-eabi/lib/libg.a(libc_a-callocr.o)
                              /opt/devkitpro/devkitARM/bin/../lib/gcc/arm-none-eabi/13.2.0/../../../../arm-none-eabi/lib/libg.a(libc_a-calloc.o) (_calloc_r)
/opt/devkitpro/devkitARM/bin/../lib/gcc/arm-none-eabi/13.2.0/../../../../arm-none-eabi/lib/libg.a(libc_a-setvbuf.o)
[...]
Memory Configuration

Name             Origin             Length             Attributes
ewram            0x02000000         0x00380000
dtcm             0x02ff0000         0x00004000
vectors          0x01000000         0x00000100
itcm             0x01000100         0x00007f00
*default*        0x00000000         0xffffffff

Linker script and memory map

                0x02380000                        __ewram_end = (ORIGIN (ewram) + LENGTH (ewram))
                0x02380000                        __eheap_end = (ORIGIN (ewram) + LENGTH (ewram))
                0x02ff4000                        __dtcm_top = (ORIGIN (dtcm) + LENGTH (dtcm))
                0x02ff3ff8                        __irq_flags = (__dtcm_top - 0x8)
                0x02ff3ffc                        __irq_vector = (__dtcm_top - 0x4)
                0x02ff3f00                        __sp_svc = (__dtcm_top - 0x100)
                0x02ff3e00                        __sp_irq = (__sp_svc - 0x100)
                0x02ff3d00                        __sp_usr = (__sp_irq - 0x100)

.secure         0x02000000      0x800
 *(.secure)
 .secure        0x02000000      0x800 /opt/devkitpro/libnds/lib/libnds9.a(securearea.o)
                0x02000000                __secure_area__

.crt0           0x02000800      0x300
                0x02000800                        __text_start = .
 *(.crt0)
 .crt0          0x02000800      0x300 /opt/devkitpro/devkitARM/bin/../lib/gcc/arm-none-eabi/13.2.0/../../../../arm-none-eabi/lib/ds_arm9_crt0.o
                0x02000800                _start
                0x02000b00                        . = ALIGN (0x4)

.plt
 *(.plt)

.init           0x02000b00       0x18
 *(SORT_NONE(.init))
 .init          0x02000b00        0xc /opt/devkitpro/devkitARM/bin/../lib/gcc/arm-none-eabi/13.2.0/crti.o
                0x02000b00                _init
 .init          0x02000b0c        0xc /opt/devkitpro/devkitARM/bin/../lib/gcc/arm-none-eabi/13.2.0/crtn.o

.text           0x02000b18    0x13270
 *(EXCLUDE_FILE(*.twl* *.vectors* *.itcm*) .text)
 .text          0x02000b18      0x148 /opt/devkitpro/devkitARM/bin/../lib/gcc/arm-none-eabi/13.2.0/libgcc.a(_divsi3.o)
                0x02000b18                __aeabi_idiv
                0x02000b18                __divsi3
                0x02000c40                __aeabi_idivmod
 .text          0x02000c60        0x4 /opt/devkitpro/devkitARM/bin/../lib/gcc/arm-none-eabi/13.2.0/libgcc.a(_dvmd_tls.o)
                0x02000c60                __aeabi_ldiv0
                0x02000c60                __aeabi_idiv0
 .text          0x02000c64      0x114 /opt/devkitpro/devkitARM/bin/../lib/gcc/arm-none-eabi/13.2.0/libgcc.a(_udivsi3.o)
                0x02000c64                __udivsi3
                0x02000c64                __aeabi_uidiv
                0x02000d58                __aeabi_uidivmod
 .text          0x02000d78      0x424 /opt/devkitpro/devkitARM/bin/../lib/gcc/arm-none-eabi/13.2.0/libgcc.a(_arm_addsubdf3.o)
                0x02000d78                __aeabi_drsub
                0x02000d80                __aeabi_dsub
                0x02000d80                __subdf3
                0x02000d84                __adddf3
                0x02000d84                __aeabi_dadd
                0x02001094                __aeabi_ui2d
                0x02001094                __floatunsidf
                0x020010b8                __floatsidf
                0x020010b8                __aeabi_i2d
                0x020010e0                __extendsfdf2
                0x020010e0                __aeabi_f2d
                0x02001128                __aeabi_ul2d
                0x02001128                __floatundidf
                0x0200113c                __floatdidf
                0x0200113c                __aeabi_l2d
 .text          0x0200119c      0x49c /opt/devkitpro/devkitARM/bin/../lib/gcc/arm-none-eabi/13.2.0/libgcc.a(_arm_muldivdf3.o)
                0x0200119c                __aeabi_dmul
                0x0200119c                __muldf3
                0x0200142c                __aeabi_ddiv
                0x0200142c                __divdf3
 .text          0x02001638      0x144 /opt/devkitpro/devkitARM/bin/../lib/gcc/arm-none-eabi/13.2.0/libgcc.a(_arm_cmpdf2.o)
                0x02001638                __gtdf2
                0x02001638                __gedf2
                0x02001640                __ltdf2
                0x02001640                __ledf2
                0x02001648                __cmpdf2
                0x02001648                __eqdf2
                0x02001648                __nedf2
                0x020016d0                __aeabi_cdrcmple
                0x020016ec                __aeabi_cdcmple
                0x020016ec                __aeabi_cdcmpeq
                0x02001704                __aeabi_dcmpeq
                0x0200171c                __aeabi_dcmplt
                0x02001734                __aeabi_dcmple
                0x0200174c                __aeabi_dcmpge
                0x02001764                __aeabi_dcmpgt
 .text          0x0200177c       0x38 /opt/devkitpro/devkitARM/bin/../lib/gcc/arm-none-eabi/13.2.0/libgcc.a(_arm_unorddf2.o)
                0x0200177c                __aeabi_dcmpun
                0x0200177c                __unorddf2
 .text          0x020017b4       0x5c /opt/devkitpro/devkitARM/bin/../lib/gcc/arm-none-eabi/13.2.0/libgcc.a(_arm_fixdfsi.o)
                0x020017b4                __fixdfsi
                0x020017b4                __aeabi_d2iz
 .text          0x02001810       0x3c /opt/devkitpro/devkitARM/bin/../lib/gcc/arm-none-eabi/13.2.0/libgcc.a(_aeabi_uldivmod.o)
                0x02001810                __aeabi_uldivmod
 .text          0x0200184c       0x28 /opt/devkitpro/devkitARM/bin/../lib/gcc/arm-none-eabi/13.2.0/libgcc.a(_clzdi2.o)
                0x0200184c                __clzdi2
 .text          0x02001874       0x48 /opt/devkitpro/devkitARM/bin/../lib/gcc/arm-none-eabi/13.2.0/libgcc.a(_clzsi2.o)
                0x02001874                __clzsi2
 *(EXCLUDE_FILE(*.twl* *.vectors* *.itcm*) .stub)
 *(EXCLUDE_FILE(*.twl* *.vectors* *.itcm*) .text.*)
 .text.__do_global_dtors_aux
                0x020018bc       0x40 /opt/devkitpro/devkitARM/bin/../lib/gcc/arm-none-eabi/13.2.0/crtbegin.o
 .text.frame_dummy
                0x020018fc       0x30 /opt/devkitpro/devkitARM/bin/../lib/gcc/arm-none-eabi/13.2.0/crtbegin.o
 .text.startup  0x0200192c       0xbc main.o
                0x0200192c                main
 .text.newRow   0x020019e8       0xa8 /opt/devkitpro/libnds/lib/libnds9.a(console.o)
 .text.consolePrintChar
                0x02001a90       0xe0 /opt/devkitpro/libnds/lib/libnds9.a(console.o)
                0x02001a90                consolePrintChar
 .text.con_write
                0x02001b70      0x36c /opt/devkitpro/libnds/lib/libnds9.a(console.o)
                0x02001b70                con_write
 .text.consoleLoadFont
                0x02001edc      0x2a0 /opt/devkitpro/libnds/lib/libnds9.a(console.o)
                0x02001edc                consoleLoadFont
 .text.consoleInit
                0x0200217c      0x18c /opt/devkitpro/libnds/lib/libnds9.a(console.o)
                0x0200217c                consoleInit
 .text.consoleDemoInit
                0x02002308       0x40 /opt/devkitpro/libnds/lib/libnds9.a(console.o)
                0x02002308                consoleDemoInit
 .text.SetOrtho
                0x02002348      0x184 /opt/devkitpro/libnds/lib/libnds9.a(gl2d.o)
                0x02002348                SetOrtho
 .text.glScreen2D
                0x020024cc      0x540 /opt/devkitpro/libnds/lib/libnds9.a(gl2d.o)
                0x020024cc                glScreen2D
 .text.glBegin2D
                0x02002a0c       0x84 /opt/devkitpro/libnds/lib/libnds9.a(gl2d.o)
                0x02002a0c                glBegin2D
 .text.glEnd2D  0x02002a90       0x1c /opt/devkitpro/libnds/lib/libnds9.a(gl2d.o)
                0x02002a90                glEnd2D
 .text.glBoxFilled
                0x02002aac       0x98 /opt/devkitpro/libnds/lib/libnds9.a(gl2d.o)
                0x02002aac                glBoxFilled
 .text.glMaterialf
                0x02002b44       0x7c /opt/devkitpro/libnds/lib/libnds9.a(videoGL.o)
                0x02002b44                glMaterialf
 .text.vramBlock_init
                0x02002bc0       0x5c /opt/devkitpro/libnds/lib/libnds9.a(videoGL.o)
                0x02002bc0                vramBlock_init
 .text.glInit_C
                0x02002c1c      0x1cc /opt/devkitpro/libnds/lib/libnds9.a(videoGL.o)
                0x02002c1c                glInit_C
 .text.glBindTexture
                0x02002de8       0x60 /opt/devkitpro/libnds/lib/libnds9.a(videoGL.o)
                0x02002de8                glBindTexture
 .text.scanKeys
                0x02002e48       0x8c /opt/devkitpro/libnds/lib/libnds9.a(keys.o)
                0x02002e48                scanKeys
 .text.keysDown
                0x02002ed4       0x14 /opt/devkitpro/libnds/lib/libnds9.a(keys.o)
                0x02002ed4                keysDown
 .text.__syscall_exit
                0x02002ee8        0x8 /opt/devkitpro/libnds/lib/libnds9.a(initSystem.o)
                0x02002ee8                __syscall_exit
 .text.initSystem
                0x02002ef0      0x180 /opt/devkitpro/libnds/lib/libnds9.a(initSystem.o)
                0x02002ef0                initSystem
 .text.irqDummy
                0x02003070        0x4 /opt/devkitpro/libnds/lib/libnds9.a(interrupts.o)
                0x02003070                irqDummy
 .text.irqSet   0x02003074       0x6c /opt/devkitpro/libnds/lib/libnds9.a(interrupts.o)
                0x02003074                irqSet
 .text.irqInit  0x020030e0       0x50 /opt/devkitpro/libnds/lib/libnds9.a(interrupts.o)
                0x020030e0                irqInit
 .text.irqEnable
                0x02003130       0x64 /opt/devkitpro/libnds/lib/libnds9.a(interrupts.o)
                0x02003130                irqEnable
 .text.systemErrorExit
                0x02003194        0x4 /opt/devkitpro/libnds/lib/libnds9.a(libnds_exit.arm.o)
                0x02003194                systemErrorExit
 .text.__libnds_exit
                0x02003198       0x5c /opt/devkitpro/libnds/lib/libnds9.a(libnds_exit.arm.o)
                0x02003198                __libnds_exit
 .text.fifo_queueBlock
                0x020031f4       0x44 /opt/devkitpro/libnds/lib/libnds9.a(fifosystem.o)
 .text.fifo_waitBlock
                0x02003238       0x80 /opt/devkitpro/libnds/lib/libnds9.a(fifosystem.o)
 .text.fifoInternalSend.part.0
                0x020032b8       0xd4 /opt/devkitpro/libnds/lib/libnds9.a(fifosystem.o)
 .text.fifoInternalSendInterrupt
                0x0200338c       0xb0 /opt/devkitpro/libnds/lib/libnds9.a(fifosystem.o)
 .text.fifoSetValue32Handler
                0x0200343c       0xd4 /opt/devkitpro/libnds/lib/libnds9.a(fifosystem.o)
                0x0200343c                fifoSetValue32Handler
 .text.fifoSendValue32
                0x02003510       0x4c /opt/devkitpro/libnds/lib/libnds9.a(fifosystem.o)
                0x02003510                fifoSendValue32
 .text.fifoGetDatamsg
                0x0200355c       0xf4 /opt/devkitpro/libnds/lib/libnds9.a(fifosystem.o)
                0x0200355c                fifoGetDatamsg
 .text.fifoInternalRecvInterrupt
                0x02003650      0x37c /opt/devkitpro/libnds/lib/libnds9.a(fifosystem.o)
 .text.fifoSetDatamsgHandler
                0x020039cc       0x9c /opt/devkitpro/libnds/lib/libnds9.a(fifosystem.o)
                0x020039cc                fifoSetDatamsgHandler
 .text.fifoInit
                0x02003a68      0x108 /opt/devkitpro/libnds/lib/libnds9.a(fifosystem.o)
                0x02003a68                fifoInit
 .text.__libnds_mpu_setup
                0x02003b70      0x174 /opt/devkitpro/libnds/lib/libnds9.a(mpu_setup.o)
                0x02003b70                __libnds_mpu_setup
 .text.memUncached
                0x02003ce4       0x20 /opt/devkitpro/libnds/lib/libnds9.a(mpu_setup.o)
                0x02003ce4                memUncached
 .text.swiWaitForVBlank
                0x02003d04        0x8 /opt/devkitpro/libnds/lib/libnds9.a(IntrWait.o)
                0x02003d04                swiWaitForVBlank
 .text.swiIntrWait
                0x02003d0c       0x70 /opt/devkitpro/libnds/lib/libnds9.a(IntrWait.o)
                0x02003d0c                swiIntrWait
 .text.setCpuClock
                0x02003d7c       0x50 /opt/devkitpro/libnds/lib/libnds9.a(cpu_clock.o)
                0x02003d7c                setCpuClock
 .text.swiDelay
                0x02003dcc        0x4 /opt/devkitpro/libnds/lib/libnds9.a(biosCalls.o)
                0x02003dcc                swiDelay
 .text.swiSoftReset
                0x02003dd0       0x2c /opt/devkitpro/libnds/lib/libnds9.a(swiSoftReset.o)
                0x02003dd0                swiSoftReset
 .text.checkIfText
                0x02003dfc       0x5c /opt/devkitpro/libnds/lib/libnds9.a(background.o)
                0x02003dfc                checkIfText
 .text.bgUpdate
                0x02003e58       0xf4 /opt/devkitpro/libnds/lib/libnds9.a(background.o)
                0x02003e58                bgUpdate
 .text.bgInit_call
                0x02003f4c       0xc4 /opt/devkitpro/libnds/lib/libnds9.a(background.o)
                0x02003f4c                bgInit_call
 .text.bgInitSub_call
                0x02004010       0xcc /opt/devkitpro/libnds/lib/libnds9.a(background.o)
                0x02004010                bgInitSub_call
 .text.DynamicArrayInit
                0x020040dc       0x18 /opt/devkitpro/libnds/lib/libnds9.a(dynamicArray.o)
                0x020040dc                DynamicArrayInit
 .text.DynamicArrayGet
                0x020040f4       0x18 /opt/devkitpro/libnds/lib/libnds9.a(dynamicArray.o)
                0x020040f4                DynamicArrayGet
 .text.DynamicArraySet
                0x0200410c       0x48 /opt/devkitpro/libnds/lib/libnds9.a(dynamicArray.o)
                0x0200410c                DynamicArraySet
 .text.sinLutLookup
                0x02004154       0x4c /opt/devkitpro/libnds/lib/libnds9.a(trig.o)
                0x02004154                sinLutLookup
 .text.sinLerp  0x020041a0       0x40 /opt/devkitpro/libnds/lib/libnds9.a(trig.o)
                0x020041a0                sinLerp
 .text.cosLerp  0x020041e0       0x4c /opt/devkitpro/libnds/lib/libnds9.a(trig.o)
                0x020041e0                cosLerp
 .text.tanLerp  0x0200422c       0xb0 /opt/devkitpro/libnds/lib/libnds9.a(trig.o)
                0x0200422c                tanLerp
 .text.vramDefault
                0x020042dc       0xd0 /opt/devkitpro/libnds/lib/libnds9.a(video.o)
                0x020042dc                vramDefault
 .text.systemValueHandler
                0x020043ac       0x48 /opt/devkitpro/libnds/lib/libnds9.a(system.o)
                0x020043ac                systemValueHandler
 .text.systemMsgHandler
                0x020043f4       0x60 /opt/devkitpro/libnds/lib/libnds9.a(system.o)
                0x020043f4                systemMsgHandler
 .text.powerOn  0x02004454       0x2c /opt/devkitpro/libnds/lib/libnds9.a(system.o)
                0x02004454                powerOn
 .text.__muldi3
                0x02004480       0x18 /opt/devkitpro/devkitARM/bin/../lib/gcc/arm-none-eabi/13.2.0/libgcc.a(_muldi3.o)
                0x02004480                __aeabi_lmul
                0x02004480                __muldi3
 .text.printf   0x02004498       0x34 /opt/devkitpro/devkitARM/bin/../lib/gcc/arm-none-eabi/13.2.0/../../../../arm-none-eabi/lib/libg.a(libc_a-printf.o)
                0x02004498                printf
 .text.siscanf  0x020044cc       0x74 /opt/devkitpro/devkitARM/bin/../lib/gcc/arm-none-eabi/13.2.0/../../../../arm-none-eabi/lib/libg.a(libc_a-siscanf.o)
                0x020044cc                siscanf
 .text.calloc   0x02004540       0x24 /opt/devkitpro/devkitARM/bin/../lib/gcc/arm-none-eabi/13.2.0/../../../../arm-none-eabi/lib/libg.a(libc_a-calloc.o)
                0x02004540                calloc
 .text._calloc_r
                0x02004564       0xd0 /opt/devkitpro/devkitARM/bin/../lib/gcc/arm-none-eabi/13.2.0/../../../../arm-none-eabi/lib/libg.a(libc_a-callocr.o)
                0x02004564                _calloc_r
 .text.setvbuf  0x02004634      0x25c /opt/devkitpro/devkitARM/bin/../lib/gcc/arm-none-eabi/13.2.0/../../../../arm-none-eabi/lib/libg.a(libc_a-setvbuf.o)
                0x02004634                setvbuf
 .text.get_arg  0x02004890       0x54 /opt/devkitpro/devkitARM/bin/../lib/gcc/arm-none-eabi/13.2.0/../../../../arm-none-eabi/lib/libg.a(libc_a-svfiscanf.o)
 .text._sungetc_r
                0x020048e4       0xe4 /opt/devkitpro/devkitARM/bin/../lib/gcc/arm-none-eabi/13.2.0/../../../../arm-none-eabi/lib/libg.a(libc_a-svfiscanf.o)
                0x020048e4                _sungetc_r
 .text.__ssrefill_r
                0x020049c8       0x68 /opt/devkitpro/devkitARM/bin/../lib/gcc/arm-none-eabi/13.2.0/../../../../arm-none-eabi/lib/libg.a(libc_a-svfiscanf.o)
                0x020049c8                __ssrefill_r
 .text._sfread_r
                0x02004a30       0xc8 /opt/devkitpro/devkitARM/bin/../lib/gcc/arm-none-eabi/13.2.0/../../../../arm-none-eabi/lib/libg.a(libc_a-svfiscanf.o)
                0x02004a30                _sfread_r
 .text.__ssvfiscanf_r
                0x02004af8     0x22dc /opt/devkitpro/devkitARM/bin/../lib/gcc/arm-none-eabi/13.2.0/../../../../arm-none-eabi/lib/libg.a(libc_a-svfiscanf.o)
                0x02004af8                __ssvfiscanf_r
 .text._malloc_trim_r
                0x02006dd4      0x100 /opt/devkitpro/devkitARM/bin/../lib/gcc/arm-none-eabi/13.2.0/../../../../arm-none-eabi/lib/libg.a(libc_a-freer.o)
                0x02006dd4                _malloc_trim_r
 .text._free_r  0x02006ed4      0x2e8 /opt/devkitpro/devkitARM/bin/../lib/gcc/arm-none-eabi/13.2.0/../../../../arm-none-eabi/lib/libg.a(libc_a-freer.o)
                0x02006ed4                _free_r
 .text.malloc   0x020071bc       0x1c /opt/devkitpro/devkitARM/bin/../lib/gcc/arm-none-eabi/13.2.0/../../../../arm-none-eabi/lib/libg.a(libc_a-malloc.o)
                0x020071bc                malloc
 .text.free     0x020071d8       0x1c /opt/devkitpro/devkitARM/bin/../lib/gcc/arm-none-eabi/13.2.0/../../../../arm-none-eabi/lib/libg.a(libc_a-malloc.o)
                0x020071d8                free
 .text._malloc_r
                0x020071f4      0x7a4 /opt/devkitpro/devkitARM/bin/../lib/gcc/arm-none-eabi/13.2.0/../../../../arm-none-eabi/lib/libg.a(libc_a-mallocr.o)
                0x020071f4                _malloc_r
 .text.memset   0x02007998       0xfc /opt/devkitpro/devkitARM/bin/../lib/gcc/arm-none-eabi/13.2.0/../../../../arm-none-eabi/lib/libg.a(libc_a-memset.o)
                0x02007998                memset
 .text.__malloc_lock
                0x02007a94       0x18 /opt/devkitpro/devkitARM/bin/../lib/gcc/arm-none-eabi/13.2.0/../../../../arm-none-eabi/lib/libg.a(libc_a-mlock.o)
                0x02007a94                __malloc_lock
 .text.__malloc_unlock
                0x02007aac       0x18 /opt/devkitpro/devkitARM/bin/../lib/gcc/arm-none-eabi/13.2.0/../../../../arm-none-eabi/lib/libg.a(libc_a-mlock.o)
                0x02007aac                __malloc_unlock
 .text.get_arg  0x02007ac4      0x654 /opt/devkitpro/devkitARM/bin/../lib/gcc/arm-none-eabi/13.2.0/../../../../arm-none-eabi/lib/libg.a(libc_a-vfprintf.o)
 .text._vfprintf_r
                0x02008118     0x35f8 /opt/devkitpro/devkitARM/bin/../lib/gcc/arm-none-eabi/13.2.0/../../../../arm-none-eabi/lib/libg.a(libc_a-vfprintf.o)
                0x02008118                _vfprintf_r
 .text.__sbprintf
                0x0200b710       0xbc /opt/devkitpro/devkitARM/bin/../lib/gcc/arm-none-eabi/13.2.0/../../../../arm-none-eabi/lib/libg.a(libc_a-vfprintf.o)
 .text.strlen   0x0200b7cc       0x94 /opt/devkitpro/devkitARM/bin/../lib/gcc/arm-none-eabi/13.2.0/../../../../arm-none-eabi/lib/libg.a(libc_a-strlen.o)
                0x0200b7cc                strlen
 .text.__sflush_r
                0x0200b860      0x248 /opt/devkitpro/devkitARM/bin/../lib/gcc/arm-none-eabi/13.2.0/../../../../arm-none-eabi/lib/libg.a(libc_a-fflush.o)
                0x0200b860                __sflush_r
 .text._fflush_r
                0x0200baa8       0x9c /opt/devkitpro/devkitARM/bin/../lib/gcc/arm-none-eabi/13.2.0/../../../../arm-none-eabi/lib/libg.a(libc_a-fflush.o)
                0x0200baa8                _fflush_r
 .text._fwalk_sglue
                0x0200bb44       0x78 /opt/devkitpro/devkitARM/bin/../lib/gcc/arm-none-eabi/13.2.0/../../../../arm-none-eabi/lib/libg.a(libc_a-fwalk.o)
                0x0200bb44                _fwalk_sglue
 .text.strncpy  0x0200bbbc       0xd0 /opt/devkitpro/devkitARM/bin/../lib/gcc/arm-none-eabi/13.2.0/../../../../arm-none-eabi/lib/libg.a(libc_a-strncpy.o)
                0x0200bbbc                strncpy
 .text.stdio_exit_handler
                0x0200bc8c       0x28 /opt/devkitpro/devkitARM/bin/../lib/gcc/arm-none-eabi/13.2.0/../../../../arm-none-eabi/lib/libg.a(libc_a-findfp.o)
 .text.cleanup_stdio
                0x0200bcb4       0x54 /opt/devkitpro/devkitARM/bin/../lib/gcc/arm-none-eabi/13.2.0/../../../../arm-none-eabi/lib/libg.a(libc_a-findfp.o)
 .text.global_stdio_init.part.0
                0x0200bd08      0x158 /opt/devkitpro/devkitARM/bin/../lib/gcc/arm-none-eabi/13.2.0/../../../../arm-none-eabi/lib/libg.a(libc_a-findfp.o)
 .text.__sinit  0x0200be60       0x64 /opt/devkitpro/devkitARM/bin/../lib/gcc/arm-none-eabi/13.2.0/../../../../arm-none-eabi/lib/libg.a(libc_a-findfp.o)
                0x0200be60                __sinit
 .text.__sfp_lock_acquire
                0x0200bec4       0x18 /opt/devkitpro/devkitARM/bin/../lib/gcc/arm-none-eabi/13.2.0/../../../../arm-none-eabi/lib/libg.a(libc_a-findfp.o)
                0x0200bec4                __sfp_lock_acquire
 .text.__sfp_lock_release
                0x0200bedc       0x18 /opt/devkitpro/devkitARM/bin/../lib/gcc/arm-none-eabi/13.2.0/../../../../arm-none-eabi/lib/libg.a(libc_a-findfp.o)
                0x0200bedc                __sfp_lock_release
 .text._strtol_l.part.0
                0x0200bef4      0x1b4 /opt/devkitpro/devkitARM/bin/../lib/gcc/arm-none-eabi/13.2.0/../../../../arm-none-eabi/lib/libg.a(libc_a-strtol.o)
 .text._strtol_r
                0x0200c0a8       0x64 /opt/devkitpro/devkitARM/bin/../lib/gcc/arm-none-eabi/13.2.0/../../../../arm-none-eabi/lib/libg.a(libc_a-strtol.o)
                0x0200c0a8                _strtol_r
 .text.realloc  0x0200c10c       0x24 /opt/devkitpro/devkitARM/bin/../lib/gcc/arm-none-eabi/13.2.0/../../../../arm-none-eabi/lib/libg.a(libc_a-realloc.o)
                0x0200c10c                realloc
 .text._strtoul_l.isra.0
                0x0200c130      0x1dc /opt/devkitpro/devkitARM/bin/../lib/gcc/arm-none-eabi/13.2.0/../../../../arm-none-eabi/lib/libg.a(libc_a-strtoul.o)
 .text._strtoul_r
                0x0200c30c       0x30 /opt/devkitpro/devkitARM/bin/../lib/gcc/arm-none-eabi/13.2.0/../../../../arm-none-eabi/lib/libg.a(libc_a-strtoul.o)
                0x0200c30c                _strtoul_r
 .text.__locale_mb_cur_max
                0x0200c33c       0x28 /opt/devkitpro/devkitARM/bin/../lib/gcc/arm-none-eabi/13.2.0/../../../../arm-none-eabi/lib/libg.a(libc_a-locale.o)
                0x0200c33c                __locale_mb_cur_max
 .text._localeconv_r
                0x0200c364       0x28 /opt/devkitpro/devkitARM/bin/../lib/gcc/arm-none-eabi/13.2.0/../../../../arm-none-eabi/lib/libg.a(libc_a-localeconv.o)
                0x0200c364                _localeconv_r
 .text.memchr   0x0200c38c       0xf0 /opt/devkitpro/devkitARM/bin/../lib/gcc/arm-none-eabi/13.2.0/../../../../arm-none-eabi/lib/libg.a(libc_a-memchr-stub.o)
                0x0200c38c                memchr
 .text.__utf8_wctomb
                0x0200c47c       0xf4 /opt/devkitpro/devkitARM/bin/../lib/gcc/arm-none-eabi/13.2.0/../../../../arm-none-eabi/lib/libg.a(libc_a-wctomb_r.o)
                0x0200c47c                __utf8_wctomb
 .text.memcpy   0x0200c570      0x114 /opt/devkitpro/devkitARM/bin/../lib/gcc/arm-none-eabi/13.2.0/../../../../arm-none-eabi/lib/libg.a(libc_a-memcpy-stub.o)
                0x0200c570                memcpy
 .text.__libc_init_array
                0x0200c684       0x90 /opt/devkitpro/devkitARM/bin/../lib/gcc/arm-none-eabi/13.2.0/../../../../arm-none-eabi/lib/libg.a(libc_a-init.o)
                0x0200c684                __libc_init_array
 .text.__errno  0x0200c714       0x10 /opt/devkitpro/devkitARM/bin/../lib/gcc/arm-none-eabi/13.2.0/../../../../arm-none-eabi/lib/libg.a(libc_a-errno.o)
                0x0200c714                __errno
 .text.frexp    0x0200c724       0xa4 /opt/devkitpro/devkitARM/bin/../lib/gcc/arm-none-eabi/13.2.0/../../../../arm-none-eabi/lib/libg.a(libm_a-s_frexp.o)
                0x0200c724                frexp
 .text._strtoll_l.isra.0
                0x0200c7c8      0x23c /opt/devkitpro/devkitARM/bin/../lib/gcc/arm-none-eabi/13.2.0/../../../../arm-none-eabi/lib/libg.a(libc_a-strtoll.o)
 .text._strtoll_r
                0x0200ca04       0x30 /opt/devkitpro/devkitARM/bin/../lib/gcc/arm-none-eabi/13.2.0/../../../../arm-none-eabi/lib/libg.a(libc_a-strtoll.o)
                0x0200ca04                _strtoll_r
 .text._strtoull_l.isra.0
                0x0200ca34      0x260 /opt/devkitpro/devkitARM/bin/../lib/gcc/arm-none-eabi/13.2.0/../../../../arm-none-eabi/lib/libg.a(libc_a-strtoull.o)
 .text._strtoull_r
                0x0200cc94       0x30 /opt/devkitpro/devkitARM/bin/../lib/gcc/arm-none-eabi/13.2.0/../../../../arm-none-eabi/lib/libg.a(libc_a-strtoull.o)
                0x0200cc94                _strtoull_r
 .text.iswspace
                0x0200ccc4       0x14 /opt/devkitpro/devkitARM/bin/../lib/gcc/arm-none-eabi/13.2.0/../../../../arm-none-eabi/lib/libg.a(libc_a-iswspace.o)
                0x0200ccc4                iswspace
 .text._mbrtowc_r
                0x0200ccd8       0xc0 /opt/devkitpro/devkitARM/bin/../lib/gcc/arm-none-eabi/13.2.0/../../../../arm-none-eabi/lib/libg.a(libc_a-mbrtowc.o)
                0x0200ccd8                _mbrtowc_r
 .text.__smakebuf_r
                0x0200cd98      0x138 /opt/devkitpro/devkitARM/bin/../lib/gcc/arm-none-eabi/13.2.0/../../../../arm-none-eabi/lib/libg.a(libc_a-makebuf.o)
                0x0200cd98                __smakebuf_r
 .text.__swhatbuf_r
                0x0200ced0       0x80 /opt/devkitpro/devkitARM/bin/../lib/gcc/arm-none-eabi/13.2.0/../../../../arm-none-eabi/lib/libg.a(libc_a-makebuf.o)
                0x0200ced0                __swhatbuf_r
 .text._wcrtomb_r
                0x0200cf50       0xac /opt/devkitpro/devkitARM/bin/../lib/gcc/arm-none-eabi/13.2.0/../../../../arm-none-eabi/lib/libg.a(libc_a-wcrtomb.o)
                0x0200cf50                _wcrtomb_r
 .text.iswspace_l
                0x0200cffc       0x40 /opt/devkitpro/devkitARM/bin/../lib/gcc/arm-none-eabi/13.2.0/../../../../arm-none-eabi/lib/libg.a(libc_a-iswspace_l.o)
                0x0200cffc                iswspace_l
 .text._wcsrtombs_r
                0x0200d03c       0x2c /opt/devkitpro/devkitARM/bin/../lib/gcc/arm-none-eabi/13.2.0/../../../../arm-none-eabi/lib/libg.a(libc_a-wcsrtombs.o)
                0x0200d03c                _wcsrtombs_r
 .text.__sccl   0x0200d068       0xe4 /opt/devkitpro/devkitARM/bin/../lib/gcc/arm-none-eabi/13.2.0/../../../../arm-none-eabi/lib/libg.a(libc_a-sccl.o)
                0x0200d068                __sccl
 .text.__submore
                0x0200d14c       0xa8 /opt/devkitpro/devkitARM/bin/../lib/gcc/arm-none-eabi/13.2.0/../../../../arm-none-eabi/lib/libg.a(libc_a-ungetc.o)
                0x0200d14c                __submore
 .text.__sread  0x0200d1f4       0x4c /opt/devkitpro/devkitARM/bin/../lib/gcc/arm-none-eabi/13.2.0/../../../../arm-none-eabi/lib/libg.a(libc_a-stdio.o)
                0x0200d1f4                __sread
 .text.__seofread
                0x0200d240        0x8 /opt/devkitpro/devkitARM/bin/../lib/gcc/arm-none-eabi/13.2.0/../../../../arm-none-eabi/lib/libg.a(libc_a-stdio.o)
                0x0200d240                __seofread
 .text.__swrite
                0x0200d248       0x6c /opt/devkitpro/devkitARM/bin/../lib/gcc/arm-none-eabi/13.2.0/../../../../arm-none-eabi/lib/libg.a(libc_a-stdio.o)
                0x0200d248                __swrite
 .text.__sseek  0x0200d2b4       0x48 /opt/devkitpro/devkitARM/bin/../lib/gcc/arm-none-eabi/13.2.0/../../../../arm-none-eabi/lib/libg.a(libc_a-stdio.o)
                0x0200d2b4                __sseek
 .text.__sclose
                0x0200d2fc       0x14 /opt/devkitpro/devkitARM/bin/../lib/gcc/arm-none-eabi/13.2.0/../../../../arm-none-eabi/lib/libg.a(libc_a-stdio.o)
                0x0200d2fc                __sclose
 .text.category
                0x0200d310       0x98 /opt/devkitpro/devkitARM/bin/../lib/gcc/arm-none-eabi/13.2.0/../../../../arm-none-eabi/lib/libg.a(libc_a-categories.o)
                0x0200d310                category
 .text.get_arg  0x0200d3a8      0x654 /opt/devkitpro/devkitARM/bin/../lib/gcc/arm-none-eabi/13.2.0/../../../../arm-none-eabi/lib/libg.a(libc_a-vfiprintf.o)
 .text.__sprint_r
                0x0200d9fc       0x34 /opt/devkitpro/devkitARM/bin/../lib/gcc/arm-none-eabi/13.2.0/../../../../arm-none-eabi/lib/libg.a(libc_a-vfiprintf.o)
                0x0200d9fc                __sprint_r
 .text._vfiprintf_r
                0x0200da30     0x2334 /opt/devkitpro/devkitARM/bin/../lib/gcc/arm-none-eabi/13.2.0/../../../../arm-none-eabi/lib/libg.a(libc_a-vfiprintf.o)
                0x0200da30                _vfiprintf_r
 .text.__sbprintf
                0x0200fd64       0xbc /opt/devkitpro/devkitARM/bin/../lib/gcc/arm-none-eabi/13.2.0/../../../../arm-none-eabi/lib/libg.a(libc_a-vfiprintf.o)
 .text.__swsetup_r
                0x0200fe20      0x144 /opt/devkitpro/devkitARM/bin/../lib/gcc/arm-none-eabi/13.2.0/../../../../arm-none-eabi/lib/libg.a(libc_a-wsetup.o)
                0x0200fe20                __swsetup_r
 .text.quorem   0x0200ff64      0x1d8 /opt/devkitpro/devkitARM/bin/../lib/gcc/arm-none-eabi/13.2.0/../../../../arm-none-eabi/lib/libg.a(libc_a-dtoa.o)
 *fill*         0x0201013c        0x4 ff
 .text._dtoa_r  0x02010140     0x16cc /opt/devkitpro/devkitARM/bin/../lib/gcc/arm-none-eabi/13.2.0/../../../../arm-none-eabi/lib/libg.a(libc_a-dtoa.o)
                0x02010140                _dtoa_r
 .text._fclose_r
                0x0201180c      0x150 /opt/devkitpro/devkitARM/bin/../lib/gcc/arm-none-eabi/13.2.0/../../../../arm-none-eabi/lib/libg.a(libc_a-fclose.o)
                0x0201180c                _fclose_r
 .text.memmove  0x0201195c      0x154 /opt/devkitpro/devkitARM/bin/../lib/gcc/arm-none-eabi/13.2.0/../../../../arm-none-eabi/lib/libg.a(libc_a-memmove.o)
                0x0201195c                memmove
 .text._Balloc  0x02011ab0       0x8c /opt/devkitpro/devkitARM/bin/../lib/gcc/arm-none-eabi/13.2.0/../../../../arm-none-eabi/lib/libg.a(libc_a-mprec.o)
                0x02011ab0                _Balloc
 .text._Bfree   0x02011b3c       0x1c /opt/devkitpro/devkitARM/bin/../lib/gcc/arm-none-eabi/13.2.0/../../../../arm-none-eabi/lib/libg.a(libc_a-mprec.o)
                0x02011b3c                _Bfree
 .text.__multadd
                0x02011b58      0x100 /opt/devkitpro/devkitARM/bin/../lib/gcc/arm-none-eabi/13.2.0/../../../../arm-none-eabi/lib/libg.a(libc_a-mprec.o)
                0x02011b58                __multadd
 .text.__hi0bits
                0x02011c58       0x60 /opt/devkitpro/devkitARM/bin/../lib/gcc/arm-none-eabi/13.2.0/../../../../arm-none-eabi/lib/libg.a(libc_a-mprec.o)
                0x02011c58                __hi0bits
 .text.__lo0bits
                0x02011cb8       0xa0 /opt/devkitpro/devkitARM/bin/../lib/gcc/arm-none-eabi/13.2.0/../../../../arm-none-eabi/lib/libg.a(libc_a-mprec.o)
                0x02011cb8                __lo0bits
 .text.__i2b    0x02011d58       0xac /opt/devkitpro/devkitARM/bin/../lib/gcc/arm-none-eabi/13.2.0/../../../../arm-none-eabi/lib/libg.a(libc_a-mprec.o)
                0x02011d58                __i2b
 .text.__multiply
                0x02011e04      0x218 /opt/devkitpro/devkitARM/bin/../lib/gcc/arm-none-eabi/13.2.0/../../../../arm-none-eabi/lib/libg.a(libc_a-mprec.o)
                0x02011e04                __multiply
 .text.__pow5mult
                0x0201201c      0x12c /opt/devkitpro/devkitARM/bin/../lib/gcc/arm-none-eabi/13.2.0/../../../../arm-none-eabi/lib/libg.a(libc_a-mprec.o)
                0x0201201c                __pow5mult
 .text.__lshift
                0x02012148      0x144 /opt/devkitpro/devkitARM/bin/../lib/gcc/arm-none-eabi/13.2.0/../../../../arm-none-eabi/lib/libg.a(libc_a-mprec.o)
                0x02012148                __lshift
 .text.__mcmp   0x0201228c       0x54 /opt/devkitpro/devkitARM/bin/../lib/gcc/arm-none-eabi/13.2.0/../../../../arm-none-eabi/lib/libg.a(libc_a-mprec.o)
                0x0201228c                __mcmp
 .text.__mdiff  0x020122e0      0x214 /opt/devkitpro/devkitARM/bin/../lib/gcc/arm-none-eabi/13.2.0/../../../../arm-none-eabi/lib/libg.a(libc_a-mprec.o)
                0x020122e0                __mdiff
 .text.__d2b    0x020124f4      0x128 /opt/devkitpro/devkitARM/bin/../lib/gcc/arm-none-eabi/13.2.0/../../../../arm-none-eabi/lib/libg.a(libc_a-mprec.o)
                0x020124f4                __d2b
 .text.__sfvwrite_r
                0x0201261c      0x4c8 /opt/devkitpro/devkitARM/bin/../lib/gcc/arm-none-eabi/13.2.0/../../../../arm-none-eabi/lib/libg.a(libc_a-fvwrite.o)
                0x0201261c                __sfvwrite_r
 .text._realloc_r
                0x02012ae4      0x4b8 /opt/devkitpro/devkitARM/bin/../lib/gcc/arm-none-eabi/13.2.0/../../../../arm-none-eabi/lib/libg.a(libc_a-reallocr.o)
                0x02012ae4                _realloc_r
 .text.__utf8_mbtowc
                0x02012f9c      0x308 /opt/devkitpro/devkitARM/bin/../lib/gcc/arm-none-eabi/13.2.0/../../../../arm-none-eabi/lib/libg.a(libc_a-mbtowc_r.o)
                0x02012f9c                __utf8_mbtowc
 .text._wcsnrtombs_l
                0x020132a4      0x198 /opt/devkitpro/devkitARM/bin/../lib/gcc/arm-none-eabi/13.2.0/../../../../arm-none-eabi/lib/libg.a(libc_a-wcsnrtombs.o)
                0x020132a4                _wcsnrtombs_l
 .text._wcsnrtombs_r
                0x0201343c       0x68 /opt/devkitpro/devkitARM/bin/../lib/gcc/arm-none-eabi/13.2.0/../../../../arm-none-eabi/lib/libg.a(libc_a-wcsnrtombs.o)
                0x0201343c                _wcsnrtombs_r
 .text.__assert_func
                0x020134a4       0x5c /opt/devkitpro/devkitARM/bin/../lib/gcc/arm-none-eabi/13.2.0/../../../../arm-none-eabi/lib/libg.a(libc_a-assert.o)
                0x020134a4                __assert_func
 .text.fiprintf
                0x02013500       0x3c /opt/devkitpro/devkitARM/bin/../lib/gcc/arm-none-eabi/13.2.0/../../../../arm-none-eabi/lib/libg.a(libc_a-fiprintf.o)
                0x02013500                fiprintf
 .text.abort    0x0201353c       0x14 /opt/devkitpro/devkitARM/bin/../lib/gcc/arm-none-eabi/13.2.0/../../../../arm-none-eabi/lib/libg.a(libc_a-abort.o)
                0x0201353c                abort
 .text._raise_r
                0x02013550       0x94 /opt/devkitpro/devkitARM/bin/../lib/gcc/arm-none-eabi/13.2.0/../../../../arm-none-eabi/lib/libg.a(libc_a-signal.o)
                0x02013550                _raise_r
 .text.raise    0x020135e4       0x18 /opt/devkitpro/devkitARM/bin/../lib/gcc/arm-none-eabi/13.2.0/../../../../arm-none-eabi/lib/libg.a(libc_a-signal.o)
                0x020135e4                raise
 .text._exit    0x020135fc       0x20 /opt/devkitpro/devkitARM/bin/../lib/gcc/arm-none-eabi/13.2.0/../../../../arm-none-eabi/lib/libsysbase.a(libsysbase_libsysbase_a-_exit.o)
                0x020135fc                _exit
 .text.build_argv
                0x0201361c       0x90 /opt/devkitpro/devkitARM/bin/../lib/gcc/arm-none-eabi/13.2.0/../../../../arm-none-eabi/lib/libsysbase.a(libsysbase_libsysbase_a-build_argv.o)
                0x0201361c                build_argv
 .text._fstat_r
                0x020136ac       0x7c /opt/devkitpro/devkitARM/bin/../lib/gcc/arm-none-eabi/13.2.0/../../../../arm-none-eabi/lib/libsysbase.a(libsysbase_libsysbase_a-fstat.o)
                0x020136ac                _fstat_r
 .text._getpid_r
                0x02013728       0x14 /opt/devkitpro/devkitARM/bin/../lib/gcc/arm-none-eabi/13.2.0/../../../../arm-none-eabi/lib/libsysbase.a(libsysbase_libsysbase_a-getpid.o)
                0x02013728                _getpid_r
 .text.__getreent
                0x0201373c       0x30 /opt/devkitpro/devkitARM/bin/../lib/gcc/arm-none-eabi/13.2.0/../../../../arm-none-eabi/lib/libsysbase.a(libsysbase_libsysbase_a-getreent.o)
                0x0201373c                __getreent
 .text.__get_handle
                0x0201376c       0x40 /opt/devkitpro/devkitARM/bin/../lib/gcc/arm-none-eabi/13.2.0/../../../../arm-none-eabi/lib/libsysbase.a(libsysbase_libsysbase_a-handle_manager.o)
                0x0201376c                __get_handle
 .text._close_r
                0x020137ac       0xfc /opt/devkitpro/devkitARM/bin/../lib/gcc/arm-none-eabi/13.2.0/../../../../arm-none-eabi/lib/libsysbase.a(libsysbase_libsysbase_a-handle_manager.o)
                0x020137ac                _close_r
 .text.null_write
                0x020138a8        0x8 /opt/devkitpro/devkitARM/bin/../lib/gcc/arm-none-eabi/13.2.0/../../../../arm-none-eabi/lib/libsysbase.a(libsysbase_libsysbase_a-iosupport.o)
 .text._isatty_r
                0x020138b0        0x8 /opt/devkitpro/devkitARM/bin/../lib/gcc/arm-none-eabi/13.2.0/../../../../arm-none-eabi/lib/libsysbase.a(libsysbase_libsysbase_a-isatty.o)
                0x020138b0                _isatty_r
 .text._kill_r  0x020138b8       0x14 /opt/devkitpro/devkitARM/bin/../lib/gcc/arm-none-eabi/13.2.0/../../../../arm-none-eabi/lib/libsysbase.a(libsysbase_libsysbase_a-kill.o)
                0x020138b8                _kill_r
 .text._lseek_r
                0x020138cc       0x88 /opt/devkitpro/devkitARM/bin/../lib/gcc/arm-none-eabi/13.2.0/../../../../arm-none-eabi/lib/libsysbase.a(libsysbase_libsysbase_a-lseek.o)
                0x020138cc                _lseek_r
 .text._read_r  0x02013954       0x84 /opt/devkitpro/devkitARM/bin/../lib/gcc/arm-none-eabi/13.2.0/../../../../arm-none-eabi/lib/libsysbase.a(libsysbase_libsysbase_a-read.o)
                0x02013954                _read_r
 .text._sbrk_r  0x020139d8       0x7c /opt/devkitpro/devkitARM/bin/../lib/gcc/arm-none-eabi/13.2.0/../../../../arm-none-eabi/lib/libsysbase.a(libsysbase_libsysbase_a-sbrk.o)
                0x020139d8                _sbrk_r
 .text.__libc_lock_acquire
                0x02013a54       0x20 /opt/devkitpro/devkitARM/bin/../lib/gcc/arm-none-eabi/13.2.0/../../../../arm-none-eabi/lib/libsysbase.a(libsysbase_libsysbase_a-syscall_support.o)
                0x02013a54                __libc_lock_acquire
 .text.__libc_lock_release
                0x02013a74       0x20 /opt/devkitpro/devkitARM/bin/../lib/gcc/arm-none-eabi/13.2.0/../../../../arm-none-eabi/lib/libsysbase.a(libsysbase_libsysbase_a-syscall_support.o)
                0x02013a74                __libc_lock_release
 .text.__libc_lock_acquire_recursive
                0x02013a94       0x20 /opt/devkitpro/devkitARM/bin/../lib/gcc/arm-none-eabi/13.2.0/../../../../arm-none-eabi/lib/libsysbase.a(libsysbase_libsysbase_a-syscall_support.o)
                0x02013a94                __libc_lock_acquire_recursive
 .text.__libc_lock_release_recursive
                0x02013ab4       0x20 /opt/devkitpro/devkitARM/bin/../lib/gcc/arm-none-eabi/13.2.0/../../../../arm-none-eabi/lib/libsysbase.a(libsysbase_libsysbase_a-syscall_support.o)
                0x02013ab4                __libc_lock_release_recursive
 .text._write_r
                0x02013ad4       0x84 /opt/devkitpro/devkitARM/bin/../lib/gcc/arm-none-eabi/13.2.0/../../../../arm-none-eabi/lib/libsysbase.a(libsysbase_libsysbase_a-write.o)
                0x02013ad4                _write_r
 .text.__udivmoddi4
                0x02013b58      0x128 /opt/devkitpro/devkitARM/bin/../lib/gcc/arm-none-eabi/13.2.0/libgcc.a(_udivmoddi4.o)
                0x02013b58                __udivmoddi4
 .text.__udivmoddi4.__stub
                0x02013c80       0xe4 linker stubs
 *(EXCLUDE_FILE(*.twl*) .gnu.warning)
 *(EXCLUDE_FILE(*.twl*) .gnu.linkonce.t*)
 *(.glue_7)
 .glue_7        0x02013d88        0x0 linker stubs
 *(.glue_7t)
 .glue_7t       0x02013d88        0x0 linker stubs
                0x02013d88                        . = ALIGN (0x4)

.vfp11_veneer   0x02013d88        0x0
 .vfp11_veneer  0x02013d88        0x0 linker stubs

.v4_bx          0x02013d88        0x0
 .v4_bx         0x02013d88        0x0 linker stubs

.iplt           0x02013d88        0x0
 .iplt          0x02013d88        0x0 /opt/devkitpro/devkitARM/bin/../lib/gcc/arm-none-eabi/13.2.0/../../../../arm-none-eabi/lib/ds_arm9_crt0.o

.fini           0x02013d88       0x18
 *(.fini)
 .fini          0x02013d88        0xc /opt/devkitpro/devkitARM/bin/../lib/gcc/arm-none-eabi/13.2.0/crti.o
                0x02013d88                _fini
 .fini          0x02013d94        0xc /opt/devkitpro/devkitARM/bin/../lib/gcc/arm-none-eabi/13.2.0/crtn.o
                0x02013da0                        __text_end = .

.rodata         0x02013da0     0x6038
 *(EXCLUDE_FILE(*.twl*) .rodata)
 *all.rodata*(*)
 *(EXCLUDE_FILE(*.twl*) .roda)
 *(EXCLUDE_FILE(*.twl*) .rodata.*)
 .rodata.str1.4
                0x02013da0      0x188 main.o
                                  0xf (size before relaxing)
 .rodata.con_write.str1.4
                0x02013f28       0x30 /opt/devkitpro/libnds/lib/libnds9.a(console.o)
 .rodata.con_write
                0x02013f28       0xd4 /opt/devkitpro/libnds/lib/libnds9.a(console.o)
 .rodata.str1.4
                0x02013ffc       0x14 /opt/devkitpro/libnds/lib/libnds9.a(console.o)
 .rodata.dotab_stdout
                0x02013ffc       0x70 /opt/devkitpro/libnds/lib/libnds9.a(console.o)
 .rodata.glMaterialf
                0x0201406c       0x44 /opt/devkitpro/libnds/lib/libnds9.a(videoGL.o)
 .rodata.default_font_bin
                0x020140b0     0x2000 /opt/devkitpro/libnds/lib/libnds9.a(default_font.bin.o)
                0x020140b0                default_font_bin
                0x020160b0                default_font_bin_end
 .rodata.SIN_LUT
                0x020160b0      0x102 /opt/devkitpro/libnds/lib/libnds9.a(trig.o)
                0x020160b0                SIN_LUT
 *fill*         0x020161b2        0x2 ff
 .rodata.TAN_LUT
                0x020161b4      0x204 /opt/devkitpro/libnds/lib/libnds9.a(trig.o)
                0x020161b4                TAN_LUT
 .rodata.basefix.0
                0x020163b8       0x22 /opt/devkitpro/devkitARM/bin/../lib/gcc/arm-none-eabi/13.2.0/../../../../arm-none-eabi/lib/libg.a(libc_a-svfiscanf.o)
 .rodata._vfprintf_r.str1.1
                0x020163da       0x3b /opt/devkitpro/devkitARM/bin/../lib/gcc/arm-none-eabi/13.2.0/../../../../arm-none-eabi/lib/libg.a(libc_a-vfprintf.o)
 *fill*         0x02016415        0x3 ff
 .rodata.zeroes.0
                0x02016418       0x10 /opt/devkitpro/devkitARM/bin/../lib/gcc/arm-none-eabi/13.2.0/../../../../arm-none-eabi/lib/libg.a(libc_a-vfprintf.o)
 .rodata.blanks.1
                0x02016428       0x10 /opt/devkitpro/devkitARM/bin/../lib/gcc/arm-none-eabi/13.2.0/../../../../arm-none-eabi/lib/libg.a(libc_a-vfprintf.o)
 .rodata.str1.4
                0x02016438       0x4c /opt/devkitpro/devkitARM/bin/../lib/gcc/arm-none-eabi/13.2.0/../../../../arm-none-eabi/lib/libg.a(libc_a-locale.o)
 .rodata._mbrtowc_r.str1.4
                0x02016438        0x1 /opt/devkitpro/devkitARM/bin/../lib/gcc/arm-none-eabi/13.2.0/../../../../arm-none-eabi/lib/libg.a(libc_a-mbrtowc.o)
 .rodata._ctype_
                0x02016438      0x101 /opt/devkitpro/devkitARM/bin/../lib/gcc/arm-none-eabi/13.2.0/../../../../arm-none-eabi/lib/libg.a(libc_a-ctype_.o)
                0x02016438                _ctype_
 *fill*         0x02016539        0x3 ff
 .rodata.categories
                0x0201653c     0x3528 /opt/devkitpro/devkitARM/bin/../lib/gcc/arm-none-eabi/13.2.0/../../../../arm-none-eabi/lib/libg.a(libc_a-categories.o)
 .rodata._vfiprintf_r.str1.1
                0x02019a64       0x29 /opt/devkitpro/devkitARM/bin/../lib/gcc/arm-none-eabi/13.2.0/../../../../arm-none-eabi/lib/libg.a(libc_a-vfiprintf.o)
 .rodata.zeroes.0
                0x02019a64       0x10 /opt/devkitpro/devkitARM/bin/../lib/gcc/arm-none-eabi/13.2.0/../../../../arm-none-eabi/lib/libg.a(libc_a-vfiprintf.o)
 .rodata.blanks.1
                0x02019a74       0x10 /opt/devkitpro/devkitARM/bin/../lib/gcc/arm-none-eabi/13.2.0/../../../../arm-none-eabi/lib/libg.a(libc_a-vfiprintf.o)
 .rodata.__action_table
                0x02019a84       0x6c /opt/devkitpro/devkitARM/bin/../lib/gcc/arm-none-eabi/13.2.0/../../../../arm-none-eabi/lib/libg.a(libc_a-svfiprintf.o)
                0x02019a84                __action_table
 .rodata.__state_table
                0x02019af0       0x6c /opt/devkitpro/devkitARM/bin/../lib/gcc/arm-none-eabi/13.2.0/../../../../arm-none-eabi/lib/libg.a(libc_a-svfiprintf.o)
                0x02019af0                __state_table
 .rodata.__chclass
                0x02019b5c      0x100 /opt/devkitpro/devkitARM/bin/../lib/gcc/arm-none-eabi/13.2.0/../../../../arm-none-eabi/lib/libg.a(libc_a-svfiprintf.o)
                0x02019b5c                __chclass
 .rodata._dtoa_r.str1.4
                0x02019c5c       0x64 /opt/devkitpro/devkitARM/bin/../lib/gcc/arm-none-eabi/13.2.0/../../../../arm-none-eabi/lib/libg.a(libc_a-dtoa.o)
 .rodata.__multadd.str1.4
                0x02019c5c       0x51 /opt/devkitpro/devkitARM/bin/../lib/gcc/arm-none-eabi/13.2.0/../../../../arm-none-eabi/lib/libg.a(libc_a-mprec.o)
 .rodata.p05.0  0x02019c5c        0xc /opt/devkitpro/devkitARM/bin/../lib/gcc/arm-none-eabi/13.2.0/../../../../arm-none-eabi/lib/libg.a(libc_a-mprec.o)
 .rodata.__mprec_bigtens
                0x02019c68       0x28 /opt/devkitpro/devkitARM/bin/../lib/gcc/arm-none-eabi/13.2.0/../../../../arm-none-eabi/lib/libg.a(libc_a-mprec.o)
                0x02019c68                __mprec_bigtens
 .rodata.__mprec_tens
                0x02019c90       0xc8 /opt/devkitpro/devkitARM/bin/../lib/gcc/arm-none-eabi/13.2.0/../../../../arm-none-eabi/lib/libg.a(libc_a-mprec.o)
                0x02019c90                __mprec_tens
 .rodata.__assert_func.str1.4
                0x02019d58       0x43 /opt/devkitpro/devkitARM/bin/../lib/gcc/arm-none-eabi/13.2.0/../../../../arm-none-eabi/lib/libg.a(libc_a-assert.o)
 .rodata.AddDevice.str1.4
                0x02019d58        0x8 /opt/devkitpro/devkitARM/bin/../lib/gcc/arm-none-eabi/13.2.0/../../../../arm-none-eabi/lib/libsysbase.a(libsysbase_libsysbase_a-iosupport.o)
 .rodata.dotab_stdnull
                0x02019d58       0x80 /opt/devkitpro/devkitARM/bin/../lib/gcc/arm-none-eabi/13.2.0/../../../../arm-none-eabi/lib/libsysbase.a(libsysbase_libsysbase_a-iosupport.o)
                0x02019d58                dotab_stdnull
 *(EXCLUDE_FILE(*.twl*) .gnu.linkonce.r*)
                0x02019dd8                        . = ALIGN (0x4)

.ARM.extab
 *(.ARM.extab* .gnu.linkonce.armextab.*)
                0x02019dd8                        __exidx_start = .

ARM.exidx
 *(.ARM.exidx* .gnu.linkonce.armexidx.*)
                0x02019dd8                        __exidx_end = .
                0x02019dd8                        . = ALIGN (0x4)
                0x02019dd8                        PROVIDE (__preinit_array_start = .)

.preinit_array
 *(.preinit_array)
                0x02019dd8                        PROVIDE (__preinit_array_end = .)
                0x02019dd8                        PROVIDE (__init_array_start = .)

.init_array     0x02019dd8        0x4
 *(SORT_BY_NAME(.init_array.*))
 *(.init_array)
 .init_array    0x02019dd8        0x4 /opt/devkitpro/devkitARM/bin/../lib/gcc/arm-none-eabi/13.2.0/crtbegin.o
                0x02019ddc                        PROVIDE (__init_array_end = .)
                [!provide]                        PROVIDE (__fini_array_start = .)

.fini_array     0x02019ddc        0x4
 *(.fini_array)
 .fini_array    0x02019ddc        0x4 /opt/devkitpro/devkitARM/bin/../lib/gcc/arm-none-eabi/13.2.0/crtbegin.o
 *(SORT_BY_NAME(.fini_array.*))
                [!provide]                        PROVIDE (__fini_array_end = .)

.ctors          0x02019de0        0x0
 *crtbegin.o(.ctors)
 *(EXCLUDE_FILE(*crtend.o) .ctors)
 *(SORT_BY_NAME(.ctors.*))
 *(.ctors)
                0x02019de0                        . = ALIGN (0x4)

.dtors          0x02019de0        0x0
 *crtbegin.o(.dtors)
 *(EXCLUDE_FILE(*crtend.o) .dtors)
 *(SORT_BY_NAME(.dtors.*))
 *(.dtors)
                0x02019de0                        . = ALIGN (0x4)

.eh_frame       0x02019de0        0x4
 *(.eh_frame)
 .eh_frame      0x02019de0        0x0 /opt/devkitpro/devkitARM/bin/../lib/gcc/arm-none-eabi/13.2.0/crtbegin.o
 .eh_frame      0x02019de0        0x4 /opt/devkitpro/devkitARM/bin/../lib/gcc/arm-none-eabi/13.2.0/crtend.o
                0x02019de4                        . = ALIGN (0x4)

.rel.dyn        0x02019de4        0x0
 .rel.iplt      0x02019de4        0x0 /opt/devkitpro/devkitARM/bin/../lib/gcc/arm-none-eabi/13.2.0/../../../../arm-none-eabi/lib/ds_arm9_crt0.o

.gcc_except_table
                0x02019de4        0x0
 *(.gcc_except_table)
                0x02019de4                        . = ALIGN (0x4)

.jcr
 *(.jcr)

.got
 *(.got.plt)
 *(.got)
 *(.rel.got)

.ewram          0x02019de4        0x0
                0x02019de4                        __ewram_start = ABSOLUTE (.)
 *(.ewram)
 *ewram.*(.text)
                0x02019de4                        . = ALIGN (0x4)

.data           0x02019de4     0x1864
                0x02019de4                        __data_start = ABSOLUTE (.)
 *(EXCLUDE_FILE(*.twl*) .data)
 .data          0x02019de4       0x28 /opt/devkitpro/libnds/lib/libnds9.a(mpu_setup.o)
 *(EXCLUDE_FILE(*.twl*) .data.*)
 .data.currentConsole
                0x02019e0c        0x4 /opt/devkitpro/libnds/lib/libnds9.a(console.o)
                0x02019e0c                currentConsole
 .data.defaultConsole
                0x02019e10       0x5c /opt/devkitpro/libnds/lib/libnds9.a(console.o)
                0x02019e10                defaultConsole
 .data.firstConsoleInit.0
                0x02019e6c        0x1 /opt/devkitpro/libnds/lib/libnds9.a(console.o)
 *fill*         0x02019e6d        0x3 ff
 .data.glGlob   0x02019e70        0x4 /opt/devkitpro/libnds/lib/libnds9.a(videoGL.o)
 .data.count    0x02019e74        0x1 /opt/devkitpro/libnds/lib/libnds9.a(keys.o)
 .data.delay    0x02019e75        0x1 /opt/devkitpro/libnds/lib/libnds9.a(keys.o)
 .data.repeat   0x02019e76        0x1 /opt/devkitpro/libnds/lib/libnds9.a(keys.o)
 *fill*         0x02019e77        0x1 ff
 .data.fifo_buffer_free
                0x02019e78        0x4 /opt/devkitpro/libnds/lib/libnds9.a(fifosystem.o)
                0x02019e78                fifo_buffer_free
 .data.fifo_freewords
                0x02019e7c        0x4 /opt/devkitpro/libnds/lib/libnds9.a(fifosystem.o)
                0x02019e7c                fifo_freewords
 .data.fifo_receive_queue
                0x02019e80        0x4 /opt/devkitpro/libnds/lib/libnds9.a(fifosystem.o)
                0x02019e80                fifo_receive_queue
 .data.fifo_send_queue
                0x02019e84        0x4 /opt/devkitpro/libnds/lib/libnds9.a(fifosystem.o)
                0x02019e84                fifo_send_queue
 .data.bgControl
                0x02019e88       0x20 /opt/devkitpro/libnds/lib/libnds9.a(background.o)
                0x02019e88                bgControl
 .data.bgScrollTable
                0x02019ea8       0x20 /opt/devkitpro/libnds/lib/libnds9.a(background.o)
                0x02019ea8                bgScrollTable
 .data.bgTransform
                0x02019ec8       0x20 /opt/devkitpro/libnds/lib/libnds9.a(background.o)
                0x02019ec8                bgTransform
 .data.__malloc_sbrk_base
                0x02019ee8        0x4 /opt/devkitpro/devkitARM/bin/../lib/gcc/arm-none-eabi/13.2.0/../../../../arm-none-eabi/lib/libg.a(libc_a-mallocr.o)
                0x02019ee8                __malloc_sbrk_base
 .data.__malloc_trim_threshold
                0x02019eec        0x4 /opt/devkitpro/devkitARM/bin/../lib/gcc/arm-none-eabi/13.2.0/../../../../arm-none-eabi/lib/libg.a(libc_a-mallocr.o)
                0x02019eec                __malloc_trim_threshold
 .data.__malloc_av_
                0x02019ef0      0x408 /opt/devkitpro/devkitARM/bin/../lib/gcc/arm-none-eabi/13.2.0/../../../../arm-none-eabi/lib/libg.a(libc_a-mallocr.o)
                0x02019ef0                __malloc_av_
 .data.__sglue  0x0201a2f8        0xc /opt/devkitpro/devkitARM/bin/../lib/gcc/arm-none-eabi/13.2.0/../../../../arm-none-eabi/lib/libg.a(libc_a-findfp.o)
                0x0201a2f8                __sglue
 .data.__global_locale
                0x0201a304      0x16c /opt/devkitpro/devkitARM/bin/../lib/gcc/arm-none-eabi/13.2.0/../../../../arm-none-eabi/lib/libg.a(libc_a-locale.o)
                0x0201a304                __global_locale
 .data._impure_ptr
                0x0201a470        0x4 /opt/devkitpro/devkitARM/bin/../lib/gcc/arm-none-eabi/13.2.0/../../../../arm-none-eabi/lib/libg.a(libc_a-impure.o)
                0x0201a470                _impure_ptr
 *fill*         0x0201a474        0x4 ff
 .data._impure_data
                0x0201a478      0x120 /opt/devkitpro/devkitARM/bin/../lib/gcc/arm-none-eabi/13.2.0/../../../../arm-none-eabi/lib/libg.a(libc_a-impure.o)
                0x0201a478                _impure_data
 .data.handles  0x0201a598     0x1000 /opt/devkitpro/devkitARM/bin/../lib/gcc/arm-none-eabi/13.2.0/../../../../arm-none-eabi/lib/libsysbase.a(libsysbase_libsysbase_a-handle_manager.o)
 .data.__stderr_handle
                0x0201b598        0xc /opt/devkitpro/devkitARM/bin/../lib/gcc/arm-none-eabi/13.2.0/../../../../arm-none-eabi/lib/libsysbase.a(libsysbase_libsysbase_a-handle_manager.o)
 .data.__stdout_handle
                0x0201b5a4        0xc /opt/devkitpro/devkitARM/bin/../lib/gcc/arm-none-eabi/13.2.0/../../../../arm-none-eabi/lib/libsysbase.a(libsysbase_libsysbase_a-handle_manager.o)
 .data.__stdin_handle
                0x0201b5b0        0xc /opt/devkitpro/devkitARM/bin/../lib/gcc/arm-none-eabi/13.2.0/../../../../arm-none-eabi/lib/libsysbase.a(libsysbase_libsysbase_a-handle_manager.o)
 .data.devoptab_list
                0x0201b5bc       0x8c /opt/devkitpro/devkitARM/bin/../lib/gcc/arm-none-eabi/13.2.0/../../../../arm-none-eabi/lib/libsysbase.a(libsysbase_libsysbase_a-iosupport.o)
                0x0201b5bc                devoptab_list
 *(EXCLUDE_FILE(*.twl*) .gnu.linkonce.d*)
                0x0201b648                        . = ALIGN (0x4)
                0x0201b648                        __data_end = ABSOLUTE (.)
                0x0201b648                        __bss_vma = .

.igot.plt       0x0201b648        0x0
 .igot.plt      0x0201b648        0x0 /opt/devkitpro/devkitARM/bin/../lib/gcc/arm-none-eabi/13.2.0/../../../../arm-none-eabi/lib/ds_arm9_crt0.o

.dtcm           0x02ff0000        0x0 load address 0x0201b648
                0x0201b648                        __dtcm_lma = LOADADDR (.dtcm)
                0x02ff0000                        __dtcm_start = ABSOLUTE (.)
 *(.dtcm)
 *(.dtcm.*)
                0x02ff0000                        . = ALIGN (0x4)
                0x02ff0000                        __dtcm_end = ABSOLUTE (.)

.itcm           0x01000100      0x194 load address 0x0201b648
                0x0201b648                        __itcm_lma = LOADADDR (.itcm)
                0x01000100                        __itcm_start = ABSOLUTE (.)
 *(.itcm)
 .itcm          0x01000100       0xc8 /opt/devkitpro/libnds/lib/libnds9.a(interrupts.o)
                0x01000100                irqTable
 .itcm          0x010001c8       0xcc /opt/devkitpro/libnds/lib/libnds9.a(interruptDispatcher.o)
                0x010001c8                IntrMain
 *.itcm*(.text .stub .text.*)
                0x01000294                        . = ALIGN (0x4)
                0x01000294                        __itcm_end = ABSOLUTE (.)

.vectors        0x01000000        0x0 load address 0x0201b7dc
                0x0201b7dc                        __vectors_lma = LOADADDR (.vectors)
                0x01000000                        __vectors_start = ABSOLUTE (.)
 *(.vectors .vectors.*)
                0x01000000                        . = ALIGN (0x4)
                0x01000000                        __vectors_end = ABSOLUTE (.)

.sbss           0x02ff0000        0x0
                0x02ff0000                        __sbss_start = ABSOLUTE (.)
                0x02ff0000                        __sbss_start__ = ABSOLUTE (.)
 *(.sbss)
                0x02ff0000                        . = ALIGN (0x4)
                0x02ff0000                        __sbss_end = ABSOLUTE (.)

.bss            0x0201b648      0xe44
                0x0201b648                        __bss_start = ABSOLUTE (.)
                0x0201b648                        __bss_start__ = ABSOLUTE (.)
 *(EXCLUDE_FILE(*.twl*) .dynbss)
 *(EXCLUDE_FILE(*.twl*) .gnu.linkonce.b*)
 *(EXCLUDE_FILE(*.twl*) .bss*)
 .bss.completed.1
                0x0201b648        0x1 /opt/devkitpro/devkitARM/bin/../lib/gcc/arm-none-eabi/13.2.0/crtbegin.o
 *fill*         0x0201b649        0x3 
 .bss.object.0  0x0201b64c       0x18 /opt/devkitpro/devkitARM/bin/../lib/gcc/arm-none-eabi/13.2.0/crtbegin.o
 .bss.currentCopy
                0x0201b664       0x5c /opt/devkitpro/libnds/lib/libnds9.a(console.o)
                0x0201b664                currentCopy
 .bss.gCurrentTexture
                0x0201b6c0        0x4 /opt/devkitpro/libnds/lib/libnds9.a(gl2d.o)
                0x0201b6c0                gCurrentTexture
 .bss.g_depth   0x0201b6c4        0x2 /opt/devkitpro/libnds/lib/libnds9.a(gl2d.o)
 *fill*         0x0201b6c6        0x2 
 .bss.diffuse_ambient.1
                0x0201b6c8        0x4 /opt/devkitpro/libnds/lib/libnds9.a(videoGL.o)
 .bss.glGlobalData
                0x0201b6cc       0x54 /opt/devkitpro/libnds/lib/libnds9.a(videoGL.o)
                0x0201b6cc                glGlobalData
 .bss.specular_emission.0
                0x0201b720        0x4 /opt/devkitpro/libnds/lib/libnds9.a(videoGL.o)
 .bss.keys      0x0201b724        0x2 /opt/devkitpro/libnds/lib/libnds9.a(keys.o)
 .bss.keysold   0x0201b726        0x2 /opt/devkitpro/libnds/lib/libnds9.a(keys.o)
 .bss.keysrepeat
                0x0201b728        0x2 /opt/devkitpro/libnds/lib/libnds9.a(keys.o)
 .bss.__dsimode
                0x0201b72a        0x1 /opt/devkitpro/libnds/lib/libnds9.a(initSystem.o)
                0x0201b72a                __dsimode
 *fill*         0x0201b72b        0x1 
 .bss.punixTime
                0x0201b72c        0x4 /opt/devkitpro/libnds/lib/libnds9.a(initSystem.o)
                0x0201b72c                punixTime
 .bss.fifo_address_data
                0x0201b730       0x40 /opt/devkitpro/libnds/lib/libnds9.a(fifosystem.o)
                0x0201b730                fifo_address_data
 .bss.fifo_address_func
                0x0201b770       0x40 /opt/devkitpro/libnds/lib/libnds9.a(fifosystem.o)
                0x0201b770                fifo_address_func
 .bss.fifo_address_queue
                0x0201b7b0       0x40 /opt/devkitpro/libnds/lib/libnds9.a(fifosystem.o)
                0x0201b7b0                fifo_address_queue
 .bss.fifo_buffer
                0x0201b7f0      0x800 /opt/devkitpro/libnds/lib/libnds9.a(fifosystem.o)
                0x0201b7f0                fifo_buffer
 .bss.fifo_data_queue
                0x0201bff0       0x40 /opt/devkitpro/libnds/lib/libnds9.a(fifosystem.o)
                0x0201bff0                fifo_data_queue
 .bss.fifo_datamsg_data
                0x0201c030       0x40 /opt/devkitpro/libnds/lib/libnds9.a(fifosystem.o)
                0x0201c030                fifo_datamsg_data
 .bss.fifo_datamsg_func
                0x0201c070       0x40 /opt/devkitpro/libnds/lib/libnds9.a(fifosystem.o)
                0x0201c070                fifo_datamsg_func
 .bss.fifo_value32_data
                0x0201c0b0       0x40 /opt/devkitpro/libnds/lib/libnds9.a(fifosystem.o)
                0x0201c0b0                fifo_value32_data
 .bss.fifo_value32_func
                0x0201c0f0       0x40 /opt/devkitpro/libnds/lib/libnds9.a(fifosystem.o)
                0x0201c0f0                fifo_value32_func
 .bss.fifo_value32_queue
                0x0201c130       0x40 /opt/devkitpro/libnds/lib/libnds9.a(fifosystem.o)
                0x0201c130                fifo_value32_queue
 .bss.processing
                0x0201c170        0x4 /opt/devkitpro/libnds/lib/libnds9.a(fifosystem.o)
                0x0201c170                processing
 .bss.bgIsTextLut
                0x0201c174        0x8 /opt/devkitpro/libnds/lib/libnds9.a(background.o)
                0x0201c174                bgIsTextLut
 .bss.bgState   0x0201c17c      0x140 /opt/devkitpro/libnds/lib/libnds9.a(background.o)
                0x0201c17c                bgState
 .bss.SDcallback
                0x0201c2bc        0x4 /opt/devkitpro/libnds/lib/libnds9.a(system.o)
 .bss.__malloc_current_mallinfo
                0x0201c2c0       0x28 /opt/devkitpro/devkitARM/bin/../lib/gcc/arm-none-eabi/13.2.0/../../../../arm-none-eabi/lib/libg.a(libc_a-mallocr.o)
                0x0201c2c0                __malloc_current_mallinfo
 .bss.__malloc_max_total_mem
                0x0201c2e8        0x4 /opt/devkitpro/devkitARM/bin/../lib/gcc/arm-none-eabi/13.2.0/../../../../arm-none-eabi/lib/libg.a(libc_a-mallocr.o)
                0x0201c2e8                __malloc_max_total_mem
 .bss.__malloc_max_sbrked_mem
                0x0201c2ec        0x4 /opt/devkitpro/devkitARM/bin/../lib/gcc/arm-none-eabi/13.2.0/../../../../arm-none-eabi/lib/libg.a(libc_a-mallocr.o)
                0x0201c2ec                __malloc_max_sbrked_mem
 .bss.__malloc_top_pad
                0x0201c2f0        0x4 /opt/devkitpro/devkitARM/bin/../lib/gcc/arm-none-eabi/13.2.0/../../../../arm-none-eabi/lib/libg.a(libc_a-mallocr.o)
                0x0201c2f0                __malloc_top_pad
 .bss.__malloc_recursive_mutex
                0x0201c2f4        0xc /opt/devkitpro/devkitARM/bin/../lib/gcc/arm-none-eabi/13.2.0/../../../../arm-none-eabi/lib/libg.a(libc_a-mlock.o)
 .bss.__sfp_recursive_mutex
                0x0201c300        0xc /opt/devkitpro/devkitARM/bin/../lib/gcc/arm-none-eabi/13.2.0/../../../../arm-none-eabi/lib/libg.a(libc_a-findfp.o)
 *fill*         0x0201c30c        0x4 
 .bss.__sf      0x0201c310      0x168 /opt/devkitpro/devkitARM/bin/../lib/gcc/arm-none-eabi/13.2.0/../../../../arm-none-eabi/lib/libg.a(libc_a-findfp.o)
                0x0201c310                __sf
 .bss.__stdio_exit_handler
                0x0201c478        0x4 /opt/devkitpro/devkitARM/bin/../lib/gcc/arm-none-eabi/13.2.0/../../../../arm-none-eabi/lib/libg.a(libc_a-findfp.o)
                0x0201c478                __stdio_exit_handler
 .bss.__hndl_lock
                0x0201c47c        0x4 /opt/devkitpro/devkitARM/bin/../lib/gcc/arm-none-eabi/13.2.0/../../../../arm-none-eabi/lib/libsysbase.a(libsysbase_libsysbase_a-handle_manager.o)
 .bss.fake_heap_start
                0x0201c480        0x4 /opt/devkitpro/devkitARM/bin/../lib/gcc/arm-none-eabi/13.2.0/../../../../arm-none-eabi/lib/libsysbase.a(libsysbase_libsysbase_a-malloc_vars.o)
                0x0201c480                fake_heap_start
 .bss.fake_heap_end
                0x0201c484        0x4 /opt/devkitpro/devkitARM/bin/../lib/gcc/arm-none-eabi/13.2.0/../../../../arm-none-eabi/lib/libsysbase.a(libsysbase_libsysbase_a-malloc_vars.o)
                0x0201c484                fake_heap_end
 .bss.heap_start.0
                0x0201c488        0x4 /opt/devkitpro/devkitARM/bin/../lib/gcc/arm-none-eabi/13.2.0/../../../../arm-none-eabi/lib/libsysbase.a(libsysbase_libsysbase_a-sbrk.o)
 *(EXCLUDE_FILE(*.twl*) COMMON)
                0x0201c48c                        . = ALIGN (0x4)
                0x0201c48c                        __bss_end__ = ABSOLUTE (.)
                0x0201c48c                        __end__ = ABSOLUTE (.)

.twl            0x0201c48c        0x0 load address 0x02400000
                0x02400000                        __arm9i_lma__ = LOADADDR (.twl)
                0x0201c48c                        __arm9i_start__ = ABSOLUTE (.)
 *(.twl)
 *.twl*(.text .stub .text.* .gnu.linkonce.t.*)
 *.twl*(.rodata)
 *.twl*(.roda)
 *.twl*(.rodata.*)
 *.twl*(.data)
 *.twl*(.data.*)
 *.twl*(.gnu.linkonce.d*)
                0x0201c48c                        __arm9i_end__ = ABSOLUTE (.)

.twl_bss        0x0201c48c        0x0
                0x0201c48c                        __twl_bss_start__ = ABSOLUTE (.)
 *(.twl_bss)
 *.twl*(.dynbss)
 *.twl*(.gnu.linkonce.b*)
 *.twl*(.bss*)
 *.twl*(COMMON)
                0x0201c48c                        . = ALIGN (0x4)
                0x0201c48c                        __twl_bss_end__ = ABSOLUTE (.)
                0x0201c48c                        __twl_end__ = ABSOLUTE (.)

.stab
 *(.stab)

.stabstr
 *(.stabstr)

.stab.excl
 *(.stab.excl)

.stab.exclstr
 *(.stab.exclstr)

.stab.index
 *(.stab.index)

.stab.indexstr
 *(.stab.indexstr)

.comment        0x00000000       0x46
 *(.comment)
 .comment       0x00000000       0x46 /opt/devkitpro/devkitARM/bin/../lib/gcc/arm-none-eabi/13.2.0/crtbegin.o
                                 0x24 (size before relaxing)
 .comment       0x00000046       0x24 main.o
 .comment       0x00000046       0x24 /opt/devkitpro/libnds/lib/libnds9.a(console.o)
 .comment       0x00000046       0x24 /opt/devkitpro/libnds/lib/libnds9.a(gl2d.o)
 .comment       0x00000046       0x24 /opt/devkitpro/libnds/lib/libnds9.a(videoGL.o)
 .comment       0x00000046       0x24 /opt/devkitpro/libnds/lib/libnds9.a(keys.o)
 .comment       0x00000046       0x24 /opt/devkitpro/libnds/lib/libnds9.a(initSystem.o)
 .comment       0x00000046       0x24 /opt/devkitpro/libnds/lib/libnds9.a(securearea.o)
 .comment       0x00000046       0x24 /opt/devkitpro/libnds/lib/libnds9.a(interrupts.o)
 .comment       0x00000046       0x24 /opt/devkitpro/libnds/lib/libnds9.a(libnds_exit.arm.o)
 .comment       0x00000046       0x24 /opt/devkitpro/libnds/lib/libnds9.a(fifosystem.o)
 .comment       0x00000046       0x24 /opt/devkitpro/libnds/lib/libnds9.a(background.o)
 .comment       0x00000046       0x24 /opt/devkitpro/libnds/lib/libnds9.a(dynamicArray.o)
 .comment       0x00000046       0x24 /opt/devkitpro/libnds/lib/libnds9.a(trig.o)
 .comment       0x00000046       0x24 /opt/devkitpro/libnds/lib/libnds9.a(video.o)
 .comment       0x00000046       0x24 /opt/devkitpro/libnds/lib/libnds9.a(system.o)
 .comment       0x00000046       0x24 /opt/devkitpro/devkitARM/bin/../lib/gcc/arm-none-eabi/13.2.0/libgcc.a(_muldi3.o)
 .comment       0x00000046       0x24 /opt/devkitpro/devkitARM/bin/../lib/gcc/arm-none-eabi/13.2.0/../../../../arm-none-eabi/lib/libg.a(libc_a-printf.o)
 .comment       0x00000046       0x24 /opt/devkitpro/devkitARM/bin/../lib/gcc/arm-none-eabi/13.2.0/../../../../arm-none-eabi/lib/libg.a(libc_a-siscanf.o)
 .comment       0x00000046       0x24 /opt/devkitpro/devkitARM/bin/../lib/gcc/arm-none-eabi/13.2.0/../../../../arm-none-eabi/lib/libg.a(libc_a-calloc.o)
 .comment       0x00000046       0x24 /opt/devkitpro/devkitARM/bin/../lib/gcc/arm-none-eabi/13.2.0/../../../../arm-none-eabi/lib/libg.a(libc_a-callocr.o)
 .comment       0x00000046       0x24 /opt/devkitpro/devkitARM/bin/../lib/gcc/arm-none-eabi/13.2.0/../../../../arm-none-eabi/lib/libg.a(libc_a-setvbuf.o)
 .comment       0x00000046       0x24 /opt/devkitpro/devkitARM/bin/../lib/gcc/arm-none-eabi/13.2.0/../../../../arm-none-eabi/lib/libg.a(libc_a-svfiscanf.o)
 .comment       0x00000046       0x24 /opt/devkitpro/devkitARM/bin/../lib/gcc/arm-none-eabi/13.2.0/../../../../arm-none-eabi/lib/libg.a(libc_a-freer.o)
 .comment       0x00000046       0x24 /opt/devkitpro/devkitARM/bin/../lib/gcc/arm-none-eabi/13.2.0/../../../../arm-none-eabi/lib/libg.a(libc_a-malloc.o)
 .comment       0x00000046       0x24 /opt/devkitpro/devkitARM/bin/../lib/gcc/arm-none-eabi/13.2.0/../../../../arm-none-eabi/lib/libg.a(libc_a-mallocr.o)
 .comment       0x00000046       0x24 /opt/devkitpro/devkitARM/bin/../lib/gcc/arm-none-eabi/13.2.0/../../../../arm-none-eabi/lib/libg.a(libc_a-memset.o)
 .comment       0x00000046       0x24 /opt/devkitpro/devkitARM/bin/../lib/gcc/arm-none-eabi/13.2.0/../../../../arm-none-eabi/lib/libg.a(libc_a-mlock.o)
 .comment       0x00000046       0x24 /opt/devkitpro/devkitARM/bin/../lib/gcc/arm-none-eabi/13.2.0/../../../../arm-none-eabi/lib/libg.a(libc_a-vfprintf.o)
 .comment       0x00000046       0x24 /opt/devkitpro/devkitARM/bin/../lib/gcc/arm-none-eabi/13.2.0/../../../../arm-none-eabi/lib/libg.a(libc_a-strlen.o)
 .comment       0x00000046       0x24 /opt/devkitpro/devkitARM/bin/../lib/gcc/arm-none-eabi/13.2.0/../../../../arm-none-eabi/lib/libg.a(libc_a-fflush.o)
 .comment       0x00000046       0x24 /opt/devkitpro/devkitARM/bin/../lib/gcc/arm-none-eabi/13.2.0/../../../../arm-none-eabi/lib/libg.a(libc_a-fwalk.o)
 .comment       0x00000046       0x24 /opt/devkitpro/devkitARM/bin/../lib/gcc/arm-none-eabi/13.2.0/../../../../arm-none-eabi/lib/libg.a(libc_a-strncpy.o)
 .comment       0x00000046       0x24 /opt/devkitpro/devkitARM/bin/../lib/gcc/arm-none-eabi/13.2.0/../../../../arm-none-eabi/lib/libg.a(libc_a-findfp.o)
 .comment       0x00000046       0x24 /opt/devkitpro/devkitARM/bin/../lib/gcc/arm-none-eabi/13.2.0/../../../../arm-none-eabi/lib/libg.a(libc_a-strtol.o)
 .comment       0x00000046       0x24 /opt/devkitpro/devkitARM/bin/../lib/gcc/arm-none-eabi/13.2.0/../../../../arm-none-eabi/lib/libg.a(libc_a-realloc.o)
 .comment       0x00000046       0x24 /opt/devkitpro/devkitARM/bin/../lib/gcc/arm-none-eabi/13.2.0/../../../../arm-none-eabi/lib/libg.a(libc_a-strtoul.o)
 .comment       0x00000046       0x24 /opt/devkitpro/devkitARM/bin/../lib/gcc/arm-none-eabi/13.2.0/../../../../arm-none-eabi/lib/libg.a(libc_a-locale.o)
 .comment       0x00000046       0x24 /opt/devkitpro/devkitARM/bin/../lib/gcc/arm-none-eabi/13.2.0/../../../../arm-none-eabi/lib/libg.a(libc_a-localeconv.o)
 .comment       0x00000046       0x24 /opt/devkitpro/devkitARM/bin/../lib/gcc/arm-none-eabi/13.2.0/../../../../arm-none-eabi/lib/libg.a(libc_a-memchr-stub.o)
 .comment       0x00000046       0x24 /opt/devkitpro/devkitARM/bin/../lib/gcc/arm-none-eabi/13.2.0/../../../../arm-none-eabi/lib/libg.a(libc_a-wctomb_r.o)
 .comment       0x00000046       0x24 /opt/devkitpro/devkitARM/bin/../lib/gcc/arm-none-eabi/13.2.0/../../../../arm-none-eabi/lib/libg.a(libc_a-memcpy-stub.o)
 .comment       0x00000046       0x24 /opt/devkitpro/devkitARM/bin/../lib/gcc/arm-none-eabi/13.2.0/../../../../arm-none-eabi/lib/libg.a(libc_a-impure.o)
 .comment       0x00000046       0x24 /opt/devkitpro/devkitARM/bin/../lib/gcc/arm-none-eabi/13.2.0/../../../../arm-none-eabi/lib/libg.a(libc_a-init.o)
 .comment       0x00000046       0x24 /opt/devkitpro/devkitARM/bin/../lib/gcc/arm-none-eabi/13.2.0/../../../../arm-none-eabi/lib/libg.a(libc_a-errno.o)
 .comment       0x00000046       0x24 /opt/devkitpro/devkitARM/bin/../lib/gcc/arm-none-eabi/13.2.0/../../../../arm-none-eabi/lib/libg.a(libm_a-s_frexp.o)
 .comment       0x00000046       0x24 /opt/devkitpro/devkitARM/bin/../lib/gcc/arm-none-eabi/13.2.0/../../../../arm-none-eabi/lib/libg.a(libc_a-strtoll.o)
 .comment       0x00000046       0x24 /opt/devkitpro/devkitARM/bin/../lib/gcc/arm-none-eabi/13.2.0/../../../../arm-none-eabi/lib/libg.a(libc_a-strtoull.o)
 .comment       0x00000046       0x24 /opt/devkitpro/devkitARM/bin/../lib/gcc/arm-none-eabi/13.2.0/../../../../arm-none-eabi/lib/libg.a(libc_a-iswspace.o)
 .comment       0x00000046       0x24 /opt/devkitpro/devkitARM/bin/../lib/gcc/arm-none-eabi/13.2.0/../../../../arm-none-eabi/lib/libg.a(libc_a-mbrtowc.o)
 .comment       0x00000046       0x24 /opt/devkitpro/devkitARM/bin/../lib/gcc/arm-none-eabi/13.2.0/../../../../arm-none-eabi/lib/libg.a(libc_a-makebuf.o)
 .comment       0x00000046       0x24 /opt/devkitpro/devkitARM/bin/../lib/gcc/arm-none-eabi/13.2.0/../../../../arm-none-eabi/lib/libg.a(libc_a-wcrtomb.o)
 .comment       0x00000046       0x24 /opt/devkitpro/devkitARM/bin/../lib/gcc/arm-none-eabi/13.2.0/../../../../arm-none-eabi/lib/libg.a(libc_a-iswspace_l.o)
 .comment       0x00000046       0x24 /opt/devkitpro/devkitARM/bin/../lib/gcc/arm-none-eabi/13.2.0/../../../../arm-none-eabi/lib/libg.a(libc_a-wcsrtombs.o)
 .comment       0x00000046       0x24 /opt/devkitpro/devkitARM/bin/../lib/gcc/arm-none-eabi/13.2.0/../../../../arm-none-eabi/lib/libg.a(libc_a-ctype_.o)
 .comment       0x00000046       0x24 /opt/devkitpro/devkitARM/bin/../lib/gcc/arm-none-eabi/13.2.0/../../../../arm-none-eabi/lib/libg.a(libc_a-sccl.o)
 .comment       0x00000046       0x24 /opt/devkitpro/devkitARM/bin/../lib/gcc/arm-none-eabi/13.2.0/../../../../arm-none-eabi/lib/libg.a(libc_a-ungetc.o)
 .comment       0x00000046       0x24 /opt/devkitpro/devkitARM/bin/../lib/gcc/arm-none-eabi/13.2.0/../../../../arm-none-eabi/lib/libg.a(libc_a-stdio.o)
 .comment       0x00000046       0x24 /opt/devkitpro/devkitARM/bin/../lib/gcc/arm-none-eabi/13.2.0/../../../../arm-none-eabi/lib/libg.a(libc_a-categories.o)
 .comment       0x00000046       0x24 /opt/devkitpro/devkitARM/bin/../lib/gcc/arm-none-eabi/13.2.0/../../../../arm-none-eabi/lib/libg.a(libc_a-vfiprintf.o)
 .comment       0x00000046       0x24 /opt/devkitpro/devkitARM/bin/../lib/gcc/arm-none-eabi/13.2.0/../../../../arm-none-eabi/lib/libg.a(libc_a-svfiprintf.o)
 .comment       0x00000046       0x24 /opt/devkitpro/devkitARM/bin/../lib/gcc/arm-none-eabi/13.2.0/../../../../arm-none-eabi/lib/libg.a(libc_a-wsetup.o)
 .comment       0x00000046       0x24 /opt/devkitpro/devkitARM/bin/../lib/gcc/arm-none-eabi/13.2.0/../../../../arm-none-eabi/lib/libg.a(libc_a-dtoa.o)
 .comment       0x00000046       0x24 /opt/devkitpro/devkitARM/bin/../lib/gcc/arm-none-eabi/13.2.0/../../../../arm-none-eabi/lib/libg.a(libc_a-fclose.o)
 .comment       0x00000046       0x24 /opt/devkitpro/devkitARM/bin/../lib/gcc/arm-none-eabi/13.2.0/../../../../arm-none-eabi/lib/libg.a(libc_a-memmove.o)
 .comment       0x00000046       0x24 /opt/devkitpro/devkitARM/bin/../lib/gcc/arm-none-eabi/13.2.0/../../../../arm-none-eabi/lib/libg.a(libc_a-mprec.o)
 .comment       0x00000046       0x24 /opt/devkitpro/devkitARM/bin/../lib/gcc/arm-none-eabi/13.2.0/../../../../arm-none-eabi/lib/libg.a(libc_a-fvwrite.o)
 .comment       0x00000046       0x24 /opt/devkitpro/devkitARM/bin/../lib/gcc/arm-none-eabi/13.2.0/../../../../arm-none-eabi/lib/libg.a(libc_a-reallocr.o)
 .comment       0x00000046       0x24 /opt/devkitpro/devkitARM/bin/../lib/gcc/arm-none-eabi/13.2.0/../../../../arm-none-eabi/lib/libg.a(libc_a-mbtowc_r.o)
 .comment       0x00000046       0x24 /opt/devkitpro/devkitARM/bin/../lib/gcc/arm-none-eabi/13.2.0/../../../../arm-none-eabi/lib/libg.a(libc_a-wcsnrtombs.o)
 .comment       0x00000046       0x24 /opt/devkitpro/devkitARM/bin/../lib/gcc/arm-none-eabi/13.2.0/../../../../arm-none-eabi/lib/libg.a(libc_a-assert.o)
 .comment       0x00000046       0x24 /opt/devkitpro/devkitARM/bin/../lib/gcc/arm-none-eabi/13.2.0/../../../../arm-none-eabi/lib/libg.a(libc_a-fiprintf.o)
 .comment       0x00000046       0x24 /opt/devkitpro/devkitARM/bin/../lib/gcc/arm-none-eabi/13.2.0/../../../../arm-none-eabi/lib/libg.a(libc_a-abort.o)
 .comment       0x00000046       0x24 /opt/devkitpro/devkitARM/bin/../lib/gcc/arm-none-eabi/13.2.0/../../../../arm-none-eabi/lib/libg.a(libc_a-signal.o)
 .comment       0x00000046       0x24 /opt/devkitpro/devkitARM/bin/../lib/gcc/arm-none-eabi/13.2.0/../../../../arm-none-eabi/lib/libsysbase.a(libsysbase_libsysbase_a-_exit.o)
 .comment       0x00000046       0x24 /opt/devkitpro/devkitARM/bin/../lib/gcc/arm-none-eabi/13.2.0/../../../../arm-none-eabi/lib/libsysbase.a(libsysbase_libsysbase_a-build_argv.o)
 .comment       0x00000046       0x24 /opt/devkitpro/devkitARM/bin/../lib/gcc/arm-none-eabi/13.2.0/../../../../arm-none-eabi/lib/libsysbase.a(libsysbase_libsysbase_a-fstat.o)
 .comment       0x00000046       0x24 /opt/devkitpro/devkitARM/bin/../lib/gcc/arm-none-eabi/13.2.0/../../../../arm-none-eabi/lib/libsysbase.a(libsysbase_libsysbase_a-getpid.o)
 .comment       0x00000046       0x24 /opt/devkitpro/devkitARM/bin/../lib/gcc/arm-none-eabi/13.2.0/../../../../arm-none-eabi/lib/libsysbase.a(libsysbase_libsysbase_a-getreent.o)
 .comment       0x00000046       0x24 /opt/devkitpro/devkitARM/bin/../lib/gcc/arm-none-eabi/13.2.0/../../../../arm-none-eabi/lib/libsysbase.a(libsysbase_libsysbase_a-handle_manager.o)
 .comment       0x00000046       0x24 /opt/devkitpro/devkitARM/bin/../lib/gcc/arm-none-eabi/13.2.0/../../../../arm-none-eabi/lib/libsysbase.a(libsysbase_libsysbase_a-iosupport.o)
 .comment       0x00000046       0x24 /opt/devkitpro/devkitARM/bin/../lib/gcc/arm-none-eabi/13.2.0/../../../../arm-none-eabi/lib/libsysbase.a(libsysbase_libsysbase_a-isatty.o)
 .comment       0x00000046       0x24 /opt/devkitpro/devkitARM/bin/../lib/gcc/arm-none-eabi/13.2.0/../../../../arm-none-eabi/lib/libsysbase.a(libsysbase_libsysbase_a-kill.o)
 .comment       0x00000046       0x24 /opt/devkitpro/devkitARM/bin/../lib/gcc/arm-none-eabi/13.2.0/../../../../arm-none-eabi/lib/libsysbase.a(libsysbase_libsysbase_a-lseek.o)
 .comment       0x00000046       0x24 /opt/devkitpro/devkitARM/bin/../lib/gcc/arm-none-eabi/13.2.0/../../../../arm-none-eabi/lib/libsysbase.a(libsysbase_libsysbase_a-malloc_vars.o)
 .comment       0x00000046       0x24 /opt/devkitpro/devkitARM/bin/../lib/gcc/arm-none-eabi/13.2.0/../../../../arm-none-eabi/lib/libsysbase.a(libsysbase_libsysbase_a-read.o)
 .comment       0x00000046       0x24 /opt/devkitpro/devkitARM/bin/../lib/gcc/arm-none-eabi/13.2.0/../../../../arm-none-eabi/lib/libsysbase.a(libsysbase_libsysbase_a-sbrk.o)
 .comment       0x00000046       0x24 /opt/devkitpro/devkitARM/bin/../lib/gcc/arm-none-eabi/13.2.0/../../../../arm-none-eabi/lib/libsysbase.a(libsysbase_libsysbase_a-syscall_support.o)
 .comment       0x00000046       0x24 /opt/devkitpro/devkitARM/bin/../lib/gcc/arm-none-eabi/13.2.0/../../../../arm-none-eabi/lib/libsysbase.a(libsysbase_libsysbase_a-write.o)
 .comment       0x00000046       0x24 /opt/devkitpro/devkitARM/bin/../lib/gcc/arm-none-eabi/13.2.0/libgcc.a(_udivmoddi4.o)
 .comment       0x00000046       0x24 /opt/devkitpro/devkitARM/bin/../lib/gcc/arm-none-eabi/13.2.0/crtend.o

.ARM.attributes
                0x00000000       0x2d
 .ARM.attributes
                0x00000000       0x21 /opt/devkitpro/devkitARM/bin/../lib/gcc/arm-none-eabi/13.2.0/../../../../arm-none-eabi/lib/ds_arm9_crt0.o
 .ARM.attributes
                0x00000021       0x1c /opt/devkitpro/devkitARM/bin/../lib/gcc/arm-none-eabi/13.2.0/crti.o
 .ARM.attributes
                0x0000003d       0x2a /opt/devkitpro/devkitARM/bin/../lib/gcc/arm-none-eabi/13.2.0/crtbegin.o
 .ARM.attributes
                0x00000067       0x2b main.o
 .ARM.attributes
                0x00000092       0x2b /opt/devkitpro/libnds/lib/libnds9.a(console.o)
 .ARM.attributes
                0x000000bd       0x2b /opt/devkitpro/libnds/lib/libnds9.a(gl2d.o)
 .ARM.attributes
                0x000000e8       0x2b /opt/devkitpro/libnds/lib/libnds9.a(videoGL.o)
 .ARM.attributes
                0x00000113       0x2b /opt/devkitpro/libnds/lib/libnds9.a(keys.o)
 .ARM.attributes
                0x0000013e       0x2b /opt/devkitpro/libnds/lib/libnds9.a(initSystem.o)
 .ARM.attributes
                0x00000169       0x2b /opt/devkitpro/libnds/lib/libnds9.a(securearea.o)
 .ARM.attributes
                0x00000194       0x2b /opt/devkitpro/libnds/lib/libnds9.a(interrupts.o)
 .ARM.attributes
                0x000001bf       0x2b /opt/devkitpro/libnds/lib/libnds9.a(libnds_exit.arm.o)
 .ARM.attributes
                0x000001ea       0x2b /opt/devkitpro/libnds/lib/libnds9.a(fifosystem.o)
 .ARM.attributes
                0x00000215       0x21 /opt/devkitpro/libnds/lib/libnds9.a(mpu_setup.o)
 .ARM.attributes
                0x00000236       0x21 /opt/devkitpro/libnds/lib/libnds9.a(IntrWait.o)
 .ARM.attributes
                0x00000257       0x21 /opt/devkitpro/libnds/lib/libnds9.a(cpu_clock.o)
 .ARM.attributes
                0x00000278       0x1b /opt/devkitpro/libnds/lib/libnds9.a(interruptDispatcher.o)
 .ARM.attributes
                0x00000293       0x1b /opt/devkitpro/libnds/lib/libnds9.a(biosCalls.o)
 .ARM.attributes
                0x000002ae       0x21 /opt/devkitpro/libnds/lib/libnds9.a(swiSoftReset.o)
 .ARM.attributes
                0x000002cf       0x14 /opt/devkitpro/libnds/lib/libnds9.a(default_font.bin.o)
 .ARM.attributes
                0x000002e3       0x2b /opt/devkitpro/libnds/lib/libnds9.a(background.o)
 .ARM.attributes
                0x0000030e       0x2b /opt/devkitpro/libnds/lib/libnds9.a(dynamicArray.o)
 .ARM.attributes
                0x00000339       0x2b /opt/devkitpro/libnds/lib/libnds9.a(trig.o)
 .ARM.attributes
                0x00000364       0x2b /opt/devkitpro/libnds/lib/libnds9.a(video.o)
 .ARM.attributes
                0x0000038f       0x2b /opt/devkitpro/libnds/lib/libnds9.a(system.o)
 .ARM.attributes
                0x000003ba       0x1c /opt/devkitpro/devkitARM/bin/../lib/gcc/arm-none-eabi/13.2.0/libgcc.a(_divsi3.o)
 .ARM.attributes
                0x000003d6       0x1c /opt/devkitpro/devkitARM/bin/../lib/gcc/arm-none-eabi/13.2.0/libgcc.a(_dvmd_tls.o)
 .ARM.attributes
                0x000003f2       0x2a /opt/devkitpro/devkitARM/bin/../lib/gcc/arm-none-eabi/13.2.0/libgcc.a(_muldi3.o)
 .ARM.attributes
                0x0000041c       0x2a /opt/devkitpro/devkitARM/bin/../lib/gcc/arm-none-eabi/13.2.0/../../../../arm-none-eabi/lib/libg.a(libc_a-printf.o)
 .ARM.attributes
                0x00000446       0x2a /opt/devkitpro/devkitARM/bin/../lib/gcc/arm-none-eabi/13.2.0/../../../../arm-none-eabi/lib/libg.a(libc_a-siscanf.o)
 .ARM.attributes
                0x00000470       0x2a /opt/devkitpro/devkitARM/bin/../lib/gcc/arm-none-eabi/13.2.0/../../../../arm-none-eabi/lib/libg.a(libc_a-calloc.o)
 .ARM.attributes
                0x0000049a       0x2a /opt/devkitpro/devkitARM/bin/../lib/gcc/arm-none-eabi/13.2.0/../../../../arm-none-eabi/lib/libg.a(libc_a-callocr.o)
 .ARM.attributes
                0x000004c4       0x2a /opt/devkitpro/devkitARM/bin/../lib/gcc/arm-none-eabi/13.2.0/../../../../arm-none-eabi/lib/libg.a(libc_a-setvbuf.o)
 .ARM.attributes
                0x000004ee       0x2a /opt/devkitpro/devkitARM/bin/../lib/gcc/arm-none-eabi/13.2.0/../../../../arm-none-eabi/lib/libg.a(libc_a-svfiscanf.o)
 .ARM.attributes
                0x00000518       0x2a /opt/devkitpro/devkitARM/bin/../lib/gcc/arm-none-eabi/13.2.0/../../../../arm-none-eabi/lib/libg.a(libc_a-freer.o)
 .ARM.attributes
                0x00000542       0x2a /opt/devkitpro/devkitARM/bin/../lib/gcc/arm-none-eabi/13.2.0/../../../../arm-none-eabi/lib/libg.a(libc_a-malloc.o)
 .ARM.attributes
                0x0000056c       0x2a /opt/devkitpro/devkitARM/bin/../lib/gcc/arm-none-eabi/13.2.0/../../../../arm-none-eabi/lib/libg.a(libc_a-mallocr.o)
 .ARM.attributes
                0x00000596       0x2a /opt/devkitpro/devkitARM/bin/../lib/gcc/arm-none-eabi/13.2.0/../../../../arm-none-eabi/lib/libg.a(libc_a-memset.o)
 .ARM.attributes
                0x000005c0       0x2a /opt/devkitpro/devkitARM/bin/../lib/gcc/arm-none-eabi/13.2.0/../../../../arm-none-eabi/lib/libg.a(libc_a-mlock.o)
 .ARM.attributes
                0x000005ea       0x2a /opt/devkitpro/devkitARM/bin/../lib/gcc/arm-none-eabi/13.2.0/../../../../arm-none-eabi/lib/libg.a(libc_a-vfprintf.o)
 .ARM.attributes
                0x00000614       0x2a /opt/devkitpro/devkitARM/bin/../lib/gcc/arm-none-eabi/13.2.0/../../../../arm-none-eabi/lib/libg.a(libc_a-strlen.o)
 .ARM.attributes
                0x0000063e       0x2a /opt/devkitpro/devkitARM/bin/../lib/gcc/arm-none-eabi/13.2.0/../../../../arm-none-eabi/lib/libg.a(libc_a-fflush.o)
 .ARM.attributes
                0x00000668       0x2a /opt/devkitpro/devkitARM/bin/../lib/gcc/arm-none-eabi/13.2.0/../../../../arm-none-eabi/lib/libg.a(libc_a-fwalk.o)
 .ARM.attributes
                0x00000692       0x2a /opt/devkitpro/devkitARM/bin/../lib/gcc/arm-none-eabi/13.2.0/../../../../arm-none-eabi/lib/libg.a(libc_a-strncpy.o)
 .ARM.attributes
                0x000006bc       0x2a /opt/devkitpro/devkitARM/bin/../lib/gcc/arm-none-eabi/13.2.0/../../../../arm-none-eabi/lib/libg.a(libc_a-findfp.o)
 .ARM.attributes
                0x000006e6       0x2a /opt/devkitpro/devkitARM/bin/../lib/gcc/arm-none-eabi/13.2.0/../../../../arm-none-eabi/lib/libg.a(libc_a-strtol.o)
 .ARM.attributes
                0x00000710       0x2a /opt/devkitpro/devkitARM/bin/../lib/gcc/arm-none-eabi/13.2.0/../../../../arm-none-eabi/lib/libg.a(libc_a-realloc.o)
 .ARM.attributes
                0x0000073a       0x2a /opt/devkitpro/devkitARM/bin/../lib/gcc/arm-none-eabi/13.2.0/../../../../arm-none-eabi/lib/libg.a(libc_a-strtoul.o)
 .ARM.attributes
                0x00000764       0x2a /opt/devkitpro/devkitARM/bin/../lib/gcc/arm-none-eabi/13.2.0/../../../../arm-none-eabi/lib/libg.a(libc_a-locale.o)
 .ARM.attributes
                0x0000078e       0x2a /opt/devkitpro/devkitARM/bin/../lib/gcc/arm-none-eabi/13.2.0/../../../../arm-none-eabi/lib/libg.a(libc_a-localeconv.o)
 .ARM.attributes
                0x000007b8       0x2a /opt/devkitpro/devkitARM/bin/../lib/gcc/arm-none-eabi/13.2.0/../../../../arm-none-eabi/lib/libg.a(libc_a-memchr-stub.o)
 .ARM.attributes
                0x000007e2       0x2a /opt/devkitpro/devkitARM/bin/../lib/gcc/arm-none-eabi/13.2.0/../../../../arm-none-eabi/lib/libg.a(libc_a-wctomb_r.o)
 .ARM.attributes
                0x0000080c       0x2a /opt/devkitpro/devkitARM/bin/../lib/gcc/arm-none-eabi/13.2.0/../../../../arm-none-eabi/lib/libg.a(libc_a-memcpy-stub.o)
 .ARM.attributes
                0x00000836       0x2a /opt/devkitpro/devkitARM/bin/../lib/gcc/arm-none-eabi/13.2.0/../../../../arm-none-eabi/lib/libg.a(libc_a-impure.o)
 .ARM.attributes
                0x00000860       0x2a /opt/devkitpro/devkitARM/bin/../lib/gcc/arm-none-eabi/13.2.0/../../../../arm-none-eabi/lib/libg.a(libc_a-init.o)
 .ARM.attributes
                0x0000088a       0x2a /opt/devkitpro/devkitARM/bin/../lib/gcc/arm-none-eabi/13.2.0/../../../../arm-none-eabi/lib/libg.a(libc_a-errno.o)
 .ARM.attributes
                0x000008b4       0x2a /opt/devkitpro/devkitARM/bin/../lib/gcc/arm-none-eabi/13.2.0/../../../../arm-none-eabi/lib/libg.a(libm_a-s_frexp.o)
 .ARM.attributes
                0x000008de       0x2a /opt/devkitpro/devkitARM/bin/../lib/gcc/arm-none-eabi/13.2.0/../../../../arm-none-eabi/lib/libg.a(libc_a-strtoll.o)
 .ARM.attributes
                0x00000908       0x2a /opt/devkitpro/devkitARM/bin/../lib/gcc/arm-none-eabi/13.2.0/../../../../arm-none-eabi/lib/libg.a(libc_a-strtoull.o)
 .ARM.attributes
                0x00000932       0x2a /opt/devkitpro/devkitARM/bin/../lib/gcc/arm-none-eabi/13.2.0/../../../../arm-none-eabi/lib/libg.a(libc_a-iswspace.o)
 .ARM.attributes
                0x0000095c       0x2a /opt/devkitpro/devkitARM/bin/../lib/gcc/arm-none-eabi/13.2.0/../../../../arm-none-eabi/lib/libg.a(libc_a-mbrtowc.o)
 .ARM.attributes
                0x00000986       0x2a /opt/devkitpro/devkitARM/bin/../lib/gcc/arm-none-eabi/13.2.0/../../../../arm-none-eabi/lib/libg.a(libc_a-makebuf.o)
 .ARM.attributes
                0x000009b0       0x2a /opt/devkitpro/devkitARM/bin/../lib/gcc/arm-none-eabi/13.2.0/../../../../arm-none-eabi/lib/libg.a(libc_a-wcrtomb.o)
 .ARM.attributes
                0x000009da       0x2a /opt/devkitpro/devkitARM/bin/../lib/gcc/arm-none-eabi/13.2.0/../../../../arm-none-eabi/lib/libg.a(libc_a-iswspace_l.o)
 .ARM.attributes
                0x00000a04       0x2a /opt/devkitpro/devkitARM/bin/../lib/gcc/arm-none-eabi/13.2.0/../../../../arm-none-eabi/lib/libg.a(libc_a-wcsrtombs.o)
 .ARM.attributes
                0x00000a2e       0x2a /opt/devkitpro/devkitARM/bin/../lib/gcc/arm-none-eabi/13.2.0/../../../../arm-none-eabi/lib/libg.a(libc_a-ctype_.o)
 .ARM.attributes
                0x00000a58       0x2a /opt/devkitpro/devkitARM/bin/../lib/gcc/arm-none-eabi/13.2.0/../../../../arm-none-eabi/lib/libg.a(libc_a-sccl.o)
 .ARM.attributes
                0x00000a82       0x2a /opt/devkitpro/devkitARM/bin/../lib/gcc/arm-none-eabi/13.2.0/../../../../arm-none-eabi/lib/libg.a(libc_a-ungetc.o)
 .ARM.attributes
                0x00000aac       0x2a /opt/devkitpro/devkitARM/bin/../lib/gcc/arm-none-eabi/13.2.0/../../../../arm-none-eabi/lib/libg.a(libc_a-stdio.o)
 .ARM.attributes
                0x00000ad6       0x2a /opt/devkitpro/devkitARM/bin/../lib/gcc/arm-none-eabi/13.2.0/../../../../arm-none-eabi/lib/libg.a(libc_a-categories.o)
 .ARM.attributes
                0x00000b00       0x2a /opt/devkitpro/devkitARM/bin/../lib/gcc/arm-none-eabi/13.2.0/../../../../arm-none-eabi/lib/libg.a(libc_a-vfiprintf.o)
 .ARM.attributes
                0x00000b2a       0x2a /opt/devkitpro/devkitARM/bin/../lib/gcc/arm-none-eabi/13.2.0/../../../../arm-none-eabi/lib/libg.a(libc_a-svfiprintf.o)
 .ARM.attributes
                0x00000b54       0x2a /opt/devkitpro/devkitARM/bin/../lib/gcc/arm-none-eabi/13.2.0/../../../../arm-none-eabi/lib/libg.a(libc_a-wsetup.o)
 .ARM.attributes
                0x00000b7e       0x2a /opt/devkitpro/devkitARM/bin/../lib/gcc/arm-none-eabi/13.2.0/../../../../arm-none-eabi/lib/libg.a(libc_a-dtoa.o)
 .ARM.attributes
                0x00000ba8       0x2a /opt/devkitpro/devkitARM/bin/../lib/gcc/arm-none-eabi/13.2.0/../../../../arm-none-eabi/lib/libg.a(libc_a-fclose.o)
 .ARM.attributes
                0x00000bd2       0x2a /opt/devkitpro/devkitARM/bin/../lib/gcc/arm-none-eabi/13.2.0/../../../../arm-none-eabi/lib/libg.a(libc_a-memmove.o)
 .ARM.attributes
                0x00000bfc       0x2a /opt/devkitpro/devkitARM/bin/../lib/gcc/arm-none-eabi/13.2.0/../../../../arm-none-eabi/lib/libg.a(libc_a-mprec.o)
 .ARM.attributes
                0x00000c26       0x2a /opt/devkitpro/devkitARM/bin/../lib/gcc/arm-none-eabi/13.2.0/../../../../arm-none-eabi/lib/libg.a(libc_a-fvwrite.o)
 .ARM.attributes
                0x00000c50       0x2a /opt/devkitpro/devkitARM/bin/../lib/gcc/arm-none-eabi/13.2.0/../../../../arm-none-eabi/lib/libg.a(libc_a-reallocr.o)
 .ARM.attributes
                0x00000c7a       0x2a /opt/devkitpro/devkitARM/bin/../lib/gcc/arm-none-eabi/13.2.0/../../../../arm-none-eabi/lib/libg.a(libc_a-mbtowc_r.o)
 .ARM.attributes
                0x00000ca4       0x2a /opt/devkitpro/devkitARM/bin/../lib/gcc/arm-none-eabi/13.2.0/../../../../arm-none-eabi/lib/libg.a(libc_a-wcsnrtombs.o)
 .ARM.attributes
                0x00000cce       0x2a /opt/devkitpro/devkitARM/bin/../lib/gcc/arm-none-eabi/13.2.0/../../../../arm-none-eabi/lib/libg.a(libc_a-assert.o)
 .ARM.attributes
                0x00000cf8       0x2a /opt/devkitpro/devkitARM/bin/../lib/gcc/arm-none-eabi/13.2.0/../../../../arm-none-eabi/lib/libg.a(libc_a-fiprintf.o)
 .ARM.attributes
                0x00000d22       0x2a /opt/devkitpro/devkitARM/bin/../lib/gcc/arm-none-eabi/13.2.0/../../../../arm-none-eabi/lib/libg.a(libc_a-abort.o)
 .ARM.attributes
                0x00000d4c       0x2a /opt/devkitpro/devkitARM/bin/../lib/gcc/arm-none-eabi/13.2.0/../../../../arm-none-eabi/lib/libg.a(libc_a-signal.o)
 .ARM.attributes
                0x00000d76       0x2a /opt/devkitpro/devkitARM/bin/../lib/gcc/arm-none-eabi/13.2.0/../../../../arm-none-eabi/lib/libsysbase.a(libsysbase_libsysbase_a-_exit.o)
 .ARM.attributes
                0x00000da0       0x2a /opt/devkitpro/devkitARM/bin/../lib/gcc/arm-none-eabi/13.2.0/../../../../arm-none-eabi/lib/libsysbase.a(libsysbase_libsysbase_a-build_argv.o)
 .ARM.attributes
                0x00000dca       0x2a /opt/devkitpro/devkitARM/bin/../lib/gcc/arm-none-eabi/13.2.0/../../../../arm-none-eabi/lib/libsysbase.a(libsysbase_libsysbase_a-fstat.o)
 .ARM.attributes
                0x00000df4       0x2a /opt/devkitpro/devkitARM/bin/../lib/gcc/arm-none-eabi/13.2.0/../../../../arm-none-eabi/lib/libsysbase.a(libsysbase_libsysbase_a-getpid.o)
 .ARM.attributes
                0x00000e1e       0x2a /opt/devkitpro/devkitARM/bin/../lib/gcc/arm-none-eabi/13.2.0/../../../../arm-none-eabi/lib/libsysbase.a(libsysbase_libsysbase_a-getreent.o)
 .ARM.attributes
                0x00000e48       0x2a /opt/devkitpro/devkitARM/bin/../lib/gcc/arm-none-eabi/13.2.0/../../../../arm-none-eabi/lib/libsysbase.a(libsysbase_libsysbase_a-handle_manager.o)
 .ARM.attributes
                0x00000e72       0x2a /opt/devkitpro/devkitARM/bin/../lib/gcc/arm-none-eabi/13.2.0/../../../../arm-none-eabi/lib/libsysbase.a(libsysbase_libsysbase_a-iosupport.o)
 .ARM.attributes
                0x00000e9c       0x2a /opt/devkitpro/devkitARM/bin/../lib/gcc/arm-none-eabi/13.2.0/../../../../arm-none-eabi/lib/libsysbase.a(libsysbase_libsysbase_a-isatty.o)
 .ARM.attributes
                0x00000ec6       0x2a /opt/devkitpro/devkitARM/bin/../lib/gcc/arm-none-eabi/13.2.0/../../../../arm-none-eabi/lib/libsysbase.a(libsysbase_libsysbase_a-kill.o)
 .ARM.attributes
                0x00000ef0       0x2a /opt/devkitpro/devkitARM/bin/../lib/gcc/arm-none-eabi/13.2.0/../../../../arm-none-eabi/lib/libsysbase.a(libsysbase_libsysbase_a-lseek.o)
 .ARM.attributes
                0x00000f1a       0x2a /opt/devkitpro/devkitARM/bin/../lib/gcc/arm-none-eabi/13.2.0/../../../../arm-none-eabi/lib/libsysbase.a(libsysbase_libsysbase_a-malloc_vars.o)
 .ARM.attributes
                0x00000f44       0x2a /opt/devkitpro/devkitARM/bin/../lib/gcc/arm-none-eabi/13.2.0/../../../../arm-none-eabi/lib/libsysbase.a(libsysbase_libsysbase_a-read.o)
 .ARM.attributes
                0x00000f6e       0x2a /opt/devkitpro/devkitARM/bin/../lib/gcc/arm-none-eabi/13.2.0/../../../../arm-none-eabi/lib/libsysbase.a(libsysbase_libsysbase_a-sbrk.o)
 .ARM.attributes
                0x00000f98       0x2a /opt/devkitpro/devkitARM/bin/../lib/gcc/arm-none-eabi/13.2.0/../../../../arm-none-eabi/lib/libsysbase.a(libsysbase_libsysbase_a-syscall_support.o)
 .ARM.attributes
                0x00000fc2       0x2a /opt/devkitpro/devkitARM/bin/../lib/gcc/arm-none-eabi/13.2.0/../../../../arm-none-eabi/lib/libsysbase.a(libsysbase_libsysbase_a-write.o)
 .ARM.attributes
                0x00000fec       0x1c /opt/devkitpro/devkitARM/bin/../lib/gcc/arm-none-eabi/13.2.0/libgcc.a(_udivsi3.o)
 .ARM.attributes
                0x00001008       0x1c /opt/devkitpro/devkitARM/bin/../lib/gcc/arm-none-eabi/13.2.0/libgcc.a(_arm_addsubdf3.o)
 .ARM.attributes
                0x00001024       0x1c /opt/devkitpro/devkitARM/bin/../lib/gcc/arm-none-eabi/13.2.0/libgcc.a(_arm_muldivdf3.o)
 .ARM.attributes